Archive member included to satisfy reference by file (symbol)

../../../../../../Library/Bluetooth_LE/library\libbluenrg1_stack.a(bluenrg_gap_aci.o)
                              Stack/stack_user_cfg.o (aci_gap_create_connection_api)
../../../../../../Library/Bluetooth_LE/library\libbluenrg1_stack.a(bluenrg_gatt_aci.o)
                              User/gatt_db.o (aci_gatt_add_char)
../../../../../../Library/Bluetooth_LE/library\libbluenrg1_stack.a(bluenrg_hal_aci.o)
                              User/serial_port.o (aci_hal_set_tx_power_level)
../../../../../../Library/Bluetooth_LE/library\libbluenrg1_stack.a(bluenrg_l2cap_aci.o)
                              Stack/stack_user_cfg.o (aci_l2cap_connection_parameter_update_resp_api)
../../../../../../Library/Bluetooth_LE/library\libbluenrg1_stack.a(bluenrg_main_func.o)
                              User/BLE_SerialPort_Master_Slave_main.o (BTLE_StackTick)
../../../../../../Library/Bluetooth_LE/library\libbluenrg1_stack.a(gap.o)
                              ../../../../../../Library/Bluetooth_LE/library\libbluenrg1_stack.a(bluenrg_gap_aci.o) (GAP_Create_Connection)
../../../../../../Library/Bluetooth_LE/library\libbluenrg1_stack.a(gatt_client.o)
                              ../../../../../../Library/Bluetooth_LE/library\libbluenrg1_stack.a(bluenrg_gatt_aci.o) (Gatt_Confirm_Indication)
../../../../../../Library/Bluetooth_LE/library\libbluenrg1_stack.a(gatt_server.o)
                              ../../../../../../Library/Bluetooth_LE/library\libbluenrg1_stack.a(gatt_client.o) (GATT_Send_Packet)
../../../../../../Library/Bluetooth_LE/library\libbluenrg1_stack.a(hal.o)
                              ../../../../../../Library/Bluetooth_LE/library\libbluenrg1_stack.a(bluenrg_hal_aci.o) (HAL_Read_ConfigData)
../../../../../../Library/Bluetooth_LE/library\libbluenrg1_stack.a(hci.o)
                              ../../../../../../Library/Bluetooth_LE/library\libbluenrg1_stack.a(bluenrg_main_func.o) (Controller_Process_Q)
../../../../../../Library/Bluetooth_LE/library\libbluenrg1_stack.a(hci_privacy.o)
                              Stack/stack_user_cfg.o (hci_le_add_device_to_resolving_list_api)
../../../../../../Library/Bluetooth_LE/library\libbluenrg1_stack.a(host_timer.o)
                              ../../../../../../Library/Bluetooth_LE/library\libbluenrg1_stack.a(bluenrg_main_func.o) (Timer_Init)
../../../../../../Library/Bluetooth_LE/library\libbluenrg1_stack.a(l2cap.o)
                              ../../../../../../Library/Bluetooth_LE/library\libbluenrg1_stack.a(bluenrg_l2cap_aci.o) (L2C_Build_Connect_Update_Req)
../../../../../../Library/Bluetooth_LE/library\libbluenrg1_stack.a(ll_isr.o)
                              Stack/stack_user_cfg.o (Data_Length_Update_Control_ISR)
../../../../../../Library/Bluetooth_LE/library\libbluenrg1_stack.a(ll_privacy.o)
                              ../../../../../../Library/Bluetooth_LE/library\libbluenrg1_stack.a(hci_privacy.o) (LL_LE_Add_Device_To_Resolving_List)
../../../../../../Library/Bluetooth_LE/library\libbluenrg1_stack.a(ll_routines.o)
                              Stack/stack_user_cfg.o (Data_Len_Update_Offline_Processing)
../../../../../../Library/Bluetooth_LE/library\libbluenrg1_stack.a(ll_routines_master.o)
                              ../../../../../../Library/Bluetooth_LE/library\libbluenrg1_stack.a(gap.o) (LL_Create_Connection)
../../../../../../Library/Bluetooth_LE/library\libbluenrg1_stack.a(ll_routines_support.o)
                              Stack/stack_user_cfg.o (LL_Encrypt_Plain_Data)
../../../../../../Library/Bluetooth_LE/library\libbluenrg1_stack.a(mem_alloc.o)
                              ../../../../../../Library/Bluetooth_LE/library\libbluenrg1_stack.a(bluenrg_main_func.o) (_BlueNRG_Stack_Init_params)
../../../../../../Library/Bluetooth_LE/library\libbluenrg1_stack.a(mem_buff.o)
                              ../../../../../../Library/Bluetooth_LE/library\libbluenrg1_stack.a(l2cap.o) (Mem_Buff_Append)
../../../../../../Library/Bluetooth_LE/library\libbluenrg1_stack.a(multi_master_time.o)
                              ../../../../../../Library/Bluetooth_LE/library\libbluenrg1_stack.a(hci.o) (LL_Get_Anchor_Interval)
../../../../../../Library/Bluetooth_LE/library\libbluenrg1_stack.a(nvm.o)
                              ../../../../../../Library/Bluetooth_LE/library\libbluenrg1_stack.a(ll_isr.o) (Is_Flash_Write_On_Going)
../../../../../../Library/Bluetooth_LE/library\libbluenrg1_stack.a(pka.o)
                              ../../../../../../Library/Bluetooth_LE/library\libbluenrg1_stack.a(hci.o) (BLEPLAT_PKA_Get_Current_Operation)
../../../../../../Library/Bluetooth_LE/library\libbluenrg1_stack.a(pm.o)
                              ../../../../../../Library/Bluetooth_LE/library\libbluenrg1_stack.a(l2cap.o) (PM_Compact)
../../../../../../Library/Bluetooth_LE/library\libbluenrg1_stack.a(rom_att.o)
[...]
Memory Configuration

Name             Origin             Length             Attributes
REGION_RAM       0x20000000         0x00006000         xrw
REGION_FLASH_BOOTLOADER 0x10040000         0x00000000         xr
REGION_FLASH     0x10040000         0x0003f000         xr
REGION_NVM       0x1007f000         0x00001000         xr
REGION_ROM       0x10000000         0x00000800         xr
*default*        0x00000000         0xffffffff

Linker script and memory map

START GROUP
LOAD HAL/clock.o
LOAD HAL/context_switch.o
LOAD HAL/gp_timer.o
LOAD HAL/miscutil.o
LOAD HAL/osal.o
LOAD Library/BlueNRG1_adc.o
LOAD Library/BlueNRG1_dma.o
LOAD Library/BlueNRG1_flash.o
LOAD Library/BlueNRG1_gpio.o
LOAD Library/BlueNRG1_i2c.o
LOAD Library/BlueNRG1_mft.o
LOAD Library/BlueNRG1_pka.o
LOAD Library/BlueNRG1_rtc.o
LOAD Library/BlueNRG1_spi.o
LOAD Library/BlueNRG1_sysCtrl.o
LOAD Library/BlueNRG1_uart.o
LOAD Library/BlueNRG1_wdg.o
LOAD Library/misc.o
LOAD Platform_Layers/SDK_EVAL_Com.o
LOAD Platform_Layers/SDK_EVAL_Config.o
LOAD Platform_Layers/SDK_EVAL_Led.o
LOAD Stack/stack_user_cfg.o
LOAD Startup/system_BlueNRG1.o
LOAD User/BLE_SerialPort_Master_Slave_main.o
LOAD User/BlueNRG1_it.o
LOAD User/gatt_db.o
LOAD User/serial_port.o
LOAD ../../../../../../Library/Bluetooth_LE/library\libbluenrg1_stack.a
LOAD ../../../../../../Library/cryptolib\libcrypto.a
LOAD c:/wise-studio/tools/gcc-arm-none-eabi-9-2019-q4-major/bin/../lib/gcc/arm-none-eabi/9.2.1/../../../../arm-none-eabi/lib/thumb/v6-m/nofp\libm.a
LOAD c:/wise-studio/tools/gcc-arm-none-eabi-9-2019-q4-major/bin/../lib/gcc/arm-none-eabi/9.2.1/../../../../arm-none-eabi/lib/thumb/v6-m/nofp\libc_nano.a
END GROUP
                0x20000000                _MEMORY_RAM_BEGIN_ = 0x20000000
                0x00006000                _MEMORY_RAM_SIZE_ = 0x6000
                0x20005fff                _MEMORY_RAM_END_ = 0x20005fff
                0x10040000                _MEMORY_FLASH_BEGIN_ = 0x10040000
                0x00040000                _MEMORY_FLASH_SIZE_ = 0x40000
                0x1007ffff                _MEMORY_FLASH_END_ = 0x1007ffff
                0x10000000                _MEMORY_ROM_BEGIN_ = 0x10000000
                0x00000800                _MEMORY_ROM_SIZE_ = 0x800
                0x100007ff                _MEMORY_ROM_END_ = 0x100007ff
                0x00001000                FLASH_NVM_DATASIZE = 0x1000
                0x00000000                MEMORY_FLASH_APP_OFFSET = DEFINED (MEMORY_FLASH_APP_OFFSET)?MEMORY_FLASH_APP_OFFSET:0x0
                0x0003f000                MEMORY_FLASH_APP_SIZE = DEFINED (MEMORY_FLASH_APP_SIZE)?MEMORY_FLASH_APP_SIZE:((_MEMORY_FLASH_SIZE_ - FLASH_NVM_DATASIZE) - MEMORY_FLASH_APP_OFFSET)
                0x000002cc                MEMORY_RAM_APP_OFFSET = DEFINED (MEMORY_RAM_APP_OFFSET)?MEMORY_RAM_APP_OFFSET:0x2cc
                0x00000800                RESET_MANAGER_SIZE = DEFINED (RESET_MANAGER_SIZE)?RESET_MANAGER_SIZE:0x800
                0x0003f000                MEMORY_FLASH_APP_SIZE = DEFINED (ST_OTA_HIGHER_APPLICATION)?(((((_MEMORY_FLASH_SIZE_ - RESET_MANAGER_SIZE) - FLASH_NVM_DATASIZE) / 0x2) / 0x800) * 0x800):MEMORY_FLASH_APP_SIZE
                0x00000000                MEMORY_FLASH_APP_OFFSET = DEFINED (ST_OTA_HIGHER_APPLICATION)?(RESET_MANAGER_SIZE + MEMORY_FLASH_APP_SIZE):MEMORY_FLASH_APP_OFFSET
                0x0003f000                MEMORY_FLASH_APP_SIZE = DEFINED (ST_OTA_LOWER_APPLICATION)?(((((_MEMORY_FLASH_SIZE_ - RESET_MANAGER_SIZE) - FLASH_NVM_DATASIZE) / 0x2) / 0x800) * 0x800):MEMORY_FLASH_APP_SIZE
                0x00000000                MEMORY_FLASH_APP_OFFSET = DEFINED (ST_OTA_LOWER_APPLICATION)?RESET_MANAGER_SIZE:MEMORY_FLASH_APP_OFFSET
                0x00011800                SERVICE_MANAGER_SIZE = 0x11800
                0x0003f000                MEMORY_FLASH_APP_SIZE = DEFINED (ST_USE_OTA_SERVICE_MANAGER_APPLICATION)?((_MEMORY_FLASH_SIZE_ - SERVICE_MANAGER_SIZE) - FLASH_NVM_DATASIZE):MEMORY_FLASH_APP_SIZE
                0x00000000                MEMORY_FLASH_APP_OFFSET = DEFINED (ST_USE_OTA_SERVICE_MANAGER_APPLICATION)?SERVICE_MANAGER_SIZE:MEMORY_FLASH_APP_OFFSET
                0x00000000                _Min_Heap_Size = 0x0
                0x00000c00                _Min_Stack_Size = 0xc00

.bootloader     0x10040000        0x0
                0x10040000                . = ALIGN (0x4)
 *(.bootloader)
                0x10040000                . = ALIGN (0x4)

.intvec         0x10040000       0xc0
                0x10040000                . = ALIGN (0x4)
 *(.intvec)
 .intvec        0x10040000       0xc0 Startup/system_BlueNRG1.o
                0x10040000                __vector_table
                0x100400c0                . = ALIGN (0x4)

.text           0x100400c0    0x1aca8
                0x100400c0                . = ALIGN (0x4)
 *(.cmd_call_table)
 *(.text)
 .text          0x100400c0       0xa0 HAL/context_switch.o
                0x100400c0                CS_contextSave
                0x10040112                CS_contextRestore
 .text          0x10040160        0xe c:/wise-studio/tools/gcc-arm-none-eabi-9-2019-q4-major/bin/../lib/gcc/arm-none-eabi/9.2.1/../../../../arm-none-eabi/lib/thumb/v6-m/nofp\libc_nano.a(lib_a-strlen.o)
                0x10040160                strlen
 *fill*         0x1004016e        0x2 
 .text          0x10040170       0x14 c:/wise-studio/tools/gcc-arm-none-eabi-9-2019-q4-major/bin/../lib/gcc/arm-none-eabi/9.2.1/thumb/v6-m/nofp\libgcc.a(_thumb1_case_shi.o)
                0x10040170                __gnu_thumb1_case_shi
 .text          0x10040184      0x114 c:/wise-studio/tools/gcc-arm-none-eabi-9-2019-q4-major/bin/../lib/gcc/arm-none-eabi/9.2.1/thumb/v6-m/nofp\libgcc.a(_udivsi3.o)
                0x10040184                __aeabi_uidiv
                0x10040184                __udivsi3
                0x10040290                __aeabi_uidivmod
 .text          0x10040298        0x4 c:/wise-studio/tools/gcc-arm-none-eabi-9-2019-q4-major/bin/../lib/gcc/arm-none-eabi/9.2.1/thumb/v6-m/nofp\libgcc.a(_dvmd_tls.o)
                0x10040298                __aeabi_idiv0
                0x10040298                __aeabi_ldiv0
 .text          0x1004029c       0x78 c:/wise-studio/tools/gcc-arm-none-eabi-9-2019-q4-major/bin/../lib/gcc/arm-none-eabi/9.2.1/thumb/v6-m/nofp\libgcc.a(unaligned-funcs.o)
                0x1004029c                __aeabi_uread4
                0x100402b4                __aeabi_uwrite4
                0x100402c8                __aeabi_uread8
                0x100402f4                __aeabi_uwrite8
 *(.text*)
 .text.NVIC_SetPriority
                0x10040314       0xdc HAL/clock.o
 .text.SysTick_Config
                0x100403f0       0x48 HAL/clock.o
 .text.SysCount_Handler
                0x10040438       0x18 HAL/clock.o
                0x10040438                SysCount_Handler
 .text.Clock_Init
                0x10040450       0x18 HAL/clock.o
                0x10040450                Clock_Init
 .text.Clock_Time
                0x10040468       0x14 HAL/clock.o
                0x10040468                Clock_Time
 .text.Timer_Set
                0x1004047c       0x22 HAL/gp_timer.o
                0x1004047c                Timer_Set
 .text.Timer_Expired
                0x1004049e       0x2e HAL/gp_timer.o
                0x1004049e                Timer_Expired
 .text.HAL_GetPartInfo
                0x100404cc       0xa0 HAL/miscutil.o
                0x100404cc                HAL_GetPartInfo
 .text.BLEPLAT_get_part_info
                0x1004056c       0x38 HAL/miscutil.o
                0x1004056c                BLEPLAT_get_part_info
 .text.Osal_MemCpy
                0x100405a4       0x22 HAL/osal.o
                0x100405a4                Osal_MemCpy
 .text.Osal_MemSet
                0x100405c6       0x22 HAL/osal.o
                0x100405c6                Osal_MemSet
 .text.Osal_MemCmp
                0x100405e8       0x22 HAL/osal.o
                0x100405e8                Osal_MemCmp
 *fill*         0x1004060a        0x2 
 .text.FLASH_ErasePage
                0x1004060c       0x54 Library/BlueNRG1_flash.o
                0x1004060c                FLASH_ErasePage
 .text.FLASH_ReadWord
                0x10040660       0x14 Library/BlueNRG1_flash.o
                0x10040660                FLASH_ReadWord
 .text.FLASH_ProgramWord
                0x10040674       0x48 Library/BlueNRG1_flash.o
                0x10040674                FLASH_ProgramWord
 .text.FLASH_WaitCmdDone
                0x100406bc       0x20 Library/BlueNRG1_flash.o
                0x100406bc                FLASH_WaitCmdDone
 .text.FLASH_GetFlagStatus
                0x100406dc       0x30 Library/BlueNRG1_flash.o
                0x100406dc                FLASH_GetFlagStatus
 .text.GPIO_Init
                0x1004070c      0x21c Library/BlueNRG1_gpio.o
                0x1004070c                GPIO_Init
 .text.GPIO_WriteBit
                0x10040928       0x30 Library/BlueNRG1_gpio.o
                0x10040928                GPIO_WriteBit
 .text.PKA_Reset
                0x10040958       0x22 Library/BlueNRG1_pka.o
                0x10040958                PKA_Reset
 .text.PKA_StartProcessing
                0x1004097a       0x22 Library/BlueNRG1_pka.o
                0x1004097a                PKA_StartProcessing
 .text.PKA_GetProcessStatus
                0x1004099c       0x16 Library/BlueNRG1_pka.o
                0x1004099c                PKA_GetProcessStatus
 *fill*         0x100409b2        0x2 
 .text.PKA_VerifyProcess
                0x100409b4       0x34 Library/BlueNRG1_pka.o
                0x100409b4                PKA_VerifyProcess
 .text.rev_memcmp
                0x100409e8       0x4e Library/BlueNRG1_pka.o
 *fill*         0x10040a36        0x2 
 .text.PKA_SetData
                0x10040a38      0x158 Library/BlueNRG1_pka.o
                0x10040a38                PKA_SetData
 .text.PKA_GetData
                0x10040b90       0x88 Library/BlueNRG1_pka.o
                0x10040b90                PKA_GetData
 .text.SysCtrl_PeripheralClockCmd
                0x10040c18       0x40 Library/BlueNRG1_sysCtrl.o
                0x10040c18                SysCtrl_PeripheralClockCmd
 .text.SysCtrl_GetWakeupResetReason
                0x10040c58      0x190 Library/BlueNRG1_sysCtrl.o
                0x10040c58                SysCtrl_GetWakeupResetReason
 .text.UART_Cmd
                0x10040de8       0x38 Library/BlueNRG1_uart.o
                0x10040de8                UART_Cmd
 .text.UART_Init
                0x10040e20      0x288 Library/BlueNRG1_uart.o
                0x10040e20                UART_Init
 .text.UART_ITConfig
                0x100410a8       0x58 Library/BlueNRG1_uart.o
                0x100410a8                UART_ITConfig
 .text.UART_SendData
                0x10041100       0x28 Library/BlueNRG1_uart.o
                0x10041100                UART_SendData
 .text.UART_ReceiveData
                0x10041128       0x1c Library/BlueNRG1_uart.o
                0x10041128                UART_ReceiveData
 .text.UART_GetFlagStatus
                0x10041144       0x40 Library/BlueNRG1_uart.o
                0x10041144                UART_GetFlagStatus
 .text.UART_GetITStatus
                0x10041184       0x30 Library/BlueNRG1_uart.o
                0x10041184                UART_GetITStatus
 .text.UART_RxFifoIrqLevelConfig
                0x100411b4       0x3c Library/BlueNRG1_uart.o
                0x100411b4                UART_RxFifoIrqLevelConfig
 .text.NVIC_SetPriority
                0x100411f0       0xdc Library/misc.o
 .text.NVIC_Init
                0x100412cc       0x70 Library/misc.o
                0x100412cc                NVIC_Init
 .text.SdkEvalUart_Send_Data
                0x1004133c       0x2e Platform_Layers/SDK_EVAL_Com.o
 *fill*         0x1004136a        0x2 
 .text.SdkEvalComUartInit
                0x1004136c       0xd8 Platform_Layers/SDK_EVAL_Com.o
                0x1004136c                SdkEvalComUartInit
 .text.SdkEvalComUartIrqConfig
                0x10041444       0x3e Platform_Layers/SDK_EVAL_Com.o
                0x10041444                SdkEvalComUartIrqConfig
 .text.SdkEvalComIOUartIrqHandler
                0x10041482       0x3a Platform_Layers/SDK_EVAL_Com.o
                0x10041482                SdkEvalComIOUartIrqHandler
 .text.SdkEvalComIOConfig
                0x100414bc       0xec Platform_Layers/SDK_EVAL_Com.o
                0x100414bc                SdkEvalComIOConfig
 .text.SdkEvalComIOSendData
                0x100415a8       0x1e Platform_Layers/SDK_EVAL_Com.o
                0x100415a8                SdkEvalComIOSendData
 *fill*         0x100415c6        0x2 
 .text.SdkEvalComIOReceiveData
                0x100415c8       0x30 Platform_Layers/SDK_EVAL_Com.o
                0x100415c8                SdkEvalComIOReceiveData
 .text.Read_Buffer_Pop
                0x100415f8       0x58 Platform_Layers/SDK_EVAL_Com.o
                0x100415f8                Read_Buffer_Pop
 .text.putchar  0x10041650       0x1c Platform_Layers/SDK_EVAL_Com.o
                0x10041650                putchar
 .text._sbrk    0x1004166c       0x5c Platform_Layers/SDK_EVAL_Com.o
                0x1004166c                _sbrk
 .text._close   0x100416c8       0x14 Platform_Layers/SDK_EVAL_Com.o
                0x100416c8                _close
 .text._fstat   0x100416dc       0x1c Platform_Layers/SDK_EVAL_Com.o
                0x100416dc                _fstat
 .text._isatty  0x100416f8       0x12 Platform_Layers/SDK_EVAL_Com.o
                0x100416f8                _isatty
 .text._lseek   0x1004170a       0x16 Platform_Layers/SDK_EVAL_Com.o
                0x1004170a                _lseek
 .text._write   0x10041720       0x38 Platform_Layers/SDK_EVAL_Com.o
                0x10041720                _write
 .text._read    0x10041758       0x46 Platform_Layers/SDK_EVAL_Com.o
                0x10041758                _read
 .text.__aeabi_memcpy
                0x1004179e       0x20 Platform_Layers/SDK_EVAL_Com.o
                0x1004179e                __aeabi_memcpy
 .text.__aeabi_memcpy4
                0x100417be       0x20 Platform_Layers/SDK_EVAL_Com.o
                0x100417be                __aeabi_memcpy4
 .text.__aeabi_memclr4
                0x100417de       0x1e Platform_Layers/SDK_EVAL_Com.o
                0x100417de                __aeabi_memclr4
 .text.SdkEvalIdentification
                0x100417fc       0x14 Platform_Layers/SDK_EVAL_Config.o
                0x100417fc                SdkEvalIdentification
 .text.SdkEvalGetVersion
                0x10041810       0x14 Platform_Layers/SDK_EVAL_Config.o
                0x10041810                SdkEvalGetVersion
 .text.Get_LedGpioPin
                0x10041824       0x98 Platform_Layers/SDK_EVAL_Led.o
                0x10041824                Get_LedGpioPin
 .text.SdkEvalLedInit
                0x100418bc       0x52 Platform_Layers/SDK_EVAL_Led.o
                0x100418bc                SdkEvalLedInit
 .text.SdkEvalLedOn
                0x1004190e       0x28 Platform_Layers/SDK_EVAL_Led.o
                0x1004190e                SdkEvalLedOn
 .text.SdkEvalLedOff
                0x10041936       0x28 Platform_Layers/SDK_EVAL_Led.o
                0x10041936                SdkEvalLedOff
 .text.PRIV_vGeneratePrivateAddress_ucfg
                0x1004195e       0x1e Stack/stack_user_cfg.o
                0x1004195e                PRIV_vGeneratePrivateAddress_ucfg
 .text.PRIV_u32ProcessAdvPacket_ucfg
                0x1004197c       0x1a Stack/stack_user_cfg.o
                0x1004197c                PRIV_u32ProcessAdvPacket_ucfg
 .text.PRIV_u8OfflineProcessing_ucfg
                0x10041996       0x10 Stack/stack_user_cfg.o
                0x10041996                PRIV_u8OfflineProcessing_ucfg
 .text.PRIV_vGenerate_hci_le_enhanced_connection_complete_event_ucfg
                0x100419a6       0x58 Stack/stack_user_cfg.o
                0x100419a6                PRIV_vGenerate_hci_le_enhanced_connection_complete_event_ucfg
 .text.PRIV_vGenerate_hci_le_direct_advertising_report_event_ucfg
                0x100419fe       0x5a Stack/stack_user_cfg.o
                0x100419fe                PRIV_vGenerate_hci_le_direct_advertising_report_event_ucfg
 .text.GAP_enable_controller_privacy_ucfg
                0x10041a58       0x20 Stack/stack_user_cfg.o
                0x10041a58                GAP_enable_controller_privacy_ucfg
 .text.LL_Encrypt_Plain_Data_ucfg
                0x10041a78       0x2a Stack/stack_user_cfg.o
                0x10041a78                LL_Encrypt_Plain_Data_ucfg
 .text.PRIV_controller_privacy_csr_ucfg
                0x10041aa2        0xc Stack/stack_user_cfg.o
                0x10041aa2                PRIV_controller_privacy_csr_ucfg
 .text.aci_gap_create_connection
                0x10041aae       0xa6 Stack/stack_user_cfg.o
                0x10041aae                aci_gap_create_connection
 .text.aci_gap_terminate_gap_proc
                0x10041b54       0x20 Stack/stack_user_cfg.o
                0x10041b54                aci_gap_terminate_gap_proc
 .text.aci_gap_start_general_discovery_proc
                0x10041b74       0x46 Stack/stack_user_cfg.o
                0x10041b74                aci_gap_start_general_discovery_proc
 .text.GAP_DiscProcTimeoutcb_ucfg
                0x10041bba        0xe Stack/stack_user_cfg.o
                0x10041bba                GAP_DiscProcTimeoutcb_ucfg
 .text.cancel_connect_master_ucfg
                0x10041bc8       0x20 Stack/stack_user_cfg.o
                0x10041bc8                cancel_connect_master_ucfg
 .text.isr_event_handler_scan_data_ucfg
                0x10041be8       0x18 Stack/stack_user_cfg.o
                0x10041be8                isr_event_handler_scan_data_ucfg
 .text.LL_Set_Channel_Classification_offline_processing_ucfg
                0x10041c00        0xe Stack/stack_user_cfg.o
                0x10041c00                LL_Set_Channel_Classification_offline_processing_ucfg
 .text.GAP_check_and_set_role_ucfg
                0x10041c0e       0x26 Stack/stack_user_cfg.o
                0x10041c0e                GAP_check_and_set_role_ucfg
 .text.GAP_discover_peer_name_ucfg
                0x10041c34        0xe Stack/stack_user_cfg.o
                0x10041c34                GAP_discover_peer_name_ucfg
 .text.state_func_call_init_csr_ucfg
                0x10041c42        0xe Stack/stack_user_cfg.o
                0x10041c42                state_func_call_init_csr_ucfg
 .text.smp_MI_Start_Encryption_ucfg
                0x10041c50       0x1a Stack/stack_user_cfg.o
                0x10041c50                smp_MI_Start_Encryption_ucfg
 .text.smp_Execute_Actions_wrt_Current_State_MI_excerpt_ucfg
                0x10041c6a       0x18 Stack/stack_user_cfg.o
                0x10041c6a                smp_Execute_Actions_wrt_Current_State_MI_excerpt_ucfg
 .text.smp_Process_Rx_Packet_wrt_Current_State_MI_excerpt_ucfg
                0x10041c82       0x1a Stack/stack_user_cfg.o
                0x10041c82                smp_Process_Rx_Packet_wrt_Current_State_MI_excerpt_ucfg
 .text.smp_Execute_Actions_wrt_Current_State_sc_MI_excerpt_phase2as2_ucfg
                0x10041c9c       0x18 Stack/stack_user_cfg.o
                0x10041c9c                smp_Execute_Actions_wrt_Current_State_sc_MI_excerpt_phase2as2_ucfg
 .text.LL_priv_add_to_ConnIDList_ucfg
                0x10041cb4       0x1a Stack/stack_user_cfg.o
                0x10041cb4                LL_priv_add_to_ConnIDList_ucfg
 .text.LL_priv_remove_from_ConnIDList_ucfg
                0x10041cce       0x18 Stack/stack_user_cfg.o
                0x10041cce                LL_priv_remove_from_ConnIDList_ucfg
 .text.LL_priv_test_address_in_ConnIDList_ucfg
                0x10041ce6       0x1a Stack/stack_user_cfg.o
                0x10041ce6                LL_priv_test_address_in_ConnIDList_ucfg
 .text.Data_Len_Update_Offline_Processing_ucfg
                0x10041d00        0xe Stack/stack_user_cfg.o
                0x10041d00                Data_Len_Update_Offline_Processing_ucfg
 .text.Data_Length_Update_Control_ISR_ucfg
                0x10041d0e       0x36 Stack/stack_user_cfg.o
                0x10041d0e                Data_Length_Update_Control_ISR_ucfg
 .text.ll_write_supported_data_ucfg
                0x10041d44       0x46 Stack/stack_user_cfg.o
                0x10041d44                ll_write_supported_data_ucfg
 .text.LL_Data_Length_Change_Event_ucfg
                0x10041d8a       0x1a Stack/stack_user_cfg.o
                0x10041d8a                LL_Data_Length_Change_Event_ucfg
 .text.LL_Send_Length_Resp_ucfg
                0x10041da4       0x20 Stack/stack_user_cfg.o
                0x10041da4                LL_Send_Length_Resp_ucfg
 .text.data_length_extension_csr_ucfg
                0x10041dc4        0xc Stack/stack_user_cfg.o
                0x10041dc4                data_length_extension_csr_ucfg
 .text.PKA_Offline_Processing_ucfg
                0x10041dd0        0xe Stack/stack_user_cfg.o
                0x10041dd0                PKA_Offline_Processing_ucfg
 .text.smp_sc_init_ucfg
                0x10041dde       0x1e Stack/stack_user_cfg.o
                0x10041dde                smp_sc_init_ucfg
 .text.smp_sc_continue_on_exclusive_sc_pairing_ucfg
                0x10041dfc       0x1a Stack/stack_user_cfg.o
                0x10041dfc                smp_sc_continue_on_exclusive_sc_pairing_ucfg
 .text.smp_sc_check_for_ecc_pk_generation_request_ucfg
                0x10041e16        0xe Stack/stack_user_cfg.o
                0x10041e16                smp_sc_check_for_ecc_pk_generation_request_ucfg
 .text.smp_sc_update_statistics_on_pairing_complete_ucfg
                0x10041e24       0x18 Stack/stack_user_cfg.o
                0x10041e24                smp_sc_update_statistics_on_pairing_complete_ucfg
 .text.secure_connections_csr_ucfg
                0x10041e3c        0xc Stack/stack_user_cfg.o
                0x10041e3c                secure_connections_csr_ucfg
 .text.smp_sc_hci_le_read_local_p256_public_key_complete_evt_hndl_ucfg
                0x10041e48       0x18 Stack/stack_user_cfg.o
                0x10041e48                smp_sc_hci_le_read_local_p256_public_key_complete_evt_hndl_ucfg
 .text.smp_sc_hci_le_generate_dhkey_complete_evt_hndl_ucfg
                0x10041e60       0x18 Stack/stack_user_cfg.o
                0x10041e60                smp_sc_hci_le_generate_dhkey_complete_evt_hndl_ucfg
 .text.smp_sc_MI_PairingResponse_Receive_sc_excerpt_ucfg
                0x10041e78       0x1a Stack/stack_user_cfg.o
                0x10041e78                smp_sc_MI_PairingResponse_Receive_sc_excerpt_ucfg
 .text.smp_sc_MI_Pairing_Phase_2AS1_Start_sc_excerpt_ucfg
                0x10041e92       0x18 Stack/stack_user_cfg.o
                0x10041e92                smp_sc_MI_Pairing_Phase_2AS1_Start_sc_excerpt_ucfg
 .text.smp_sc_SR_Pairing_Phase_2AS1_Start_sc_excerpt_ucfg
                0x10041eaa       0x18 Stack/stack_user_cfg.o
                0x10041eaa                smp_sc_SR_Pairing_Phase_2AS1_Start_sc_excerpt_ucfg
 .text.smp_sc_MI_PairingConfirm_Send_sc_excerpt_ucfg
                0x10041ec2       0x18 Stack/stack_user_cfg.o
                0x10041ec2                smp_sc_MI_PairingConfirm_Send_sc_excerpt_ucfg
 .text.smp_sc_MI_PairingRandom_Receive_sc_excerpt1_ucfg
                0x10041eda       0x1a Stack/stack_user_cfg.o
                0x10041eda                smp_sc_MI_PairingRandom_Receive_sc_excerpt1_ucfg
 .text.smp_sc_MI_PairingRandom_Receive_sc_excerpt2_ucfg
                0x10041ef4       0x18 Stack/stack_user_cfg.o
                0x10041ef4                smp_sc_MI_PairingRandom_Receive_sc_excerpt2_ucfg
 .text.smp_sc_SR_PairingConfirm_Receive_sc_excerpt_ucfg
                0x10041f0c       0x18 Stack/stack_user_cfg.o
                0x10041f0c                smp_sc_SR_PairingConfirm_Receive_sc_excerpt_ucfg
 .text.smp_sc_SR_PairingRandom_Receive_sc_excerpt_ucfg
                0x10041f24       0x18 Stack/stack_user_cfg.o
                0x10041f24                smp_sc_SR_PairingRandom_Receive_sc_excerpt_ucfg
 .text.smp_Execute_Actions_wrt_Current_State_sc_excerpt_phase_1_to_2_ucfg
                0x10041f3c       0x1a Stack/stack_user_cfg.o
                0x10041f3c                smp_Execute_Actions_wrt_Current_State_sc_excerpt_phase_1_to_2_ucfg
 .text.smp_Execute_Actions_wrt_Current_State_sc_excerpt_phase2as2_ucfg
                0x10041f56       0x18 Stack/stack_user_cfg.o
                0x10041f56                smp_Execute_Actions_wrt_Current_State_sc_excerpt_phase2as2_ucfg
 .text.smp_Process_Rx_Packet_wrt_Current_State_sc_excerpt_ucfg
                0x10041f6e       0x1a Stack/stack_user_cfg.o
                0x10041f6e                smp_Process_Rx_Packet_wrt_Current_State_sc_excerpt_ucfg
 .text.smp_Process_Rx_Packet_Exception_Cases_sc_excerpt_ucfg
                0x10041f88       0x1a Stack/stack_user_cfg.o
                0x10041f88                smp_Process_Rx_Packet_Exception_Cases_sc_excerpt_ucfg
 *fill*         0x10041fa2        0x2 
 .text.NVIC_SetPriority
                0x10041fa4       0xdc Startup/system_BlueNRG1.o
 .text.NVIC_SystemReset
                0x10042080       0x20 Startup/system_BlueNRG1.o
 .text.PendSV_Handler
                0x100420a0        0xa Startup/system_BlueNRG1.o
                0x100420a0                PendSV_Handler
 .text.NVM_Handler
                0x100420aa        0xa Startup/system_BlueNRG1.o
                0x100420aa                NVM_Handler
 .text.SPI_Handler
                0x100420b4        0xa Startup/system_BlueNRG1.o
                0x100420b4                SPI_Handler
 .text.MFT1A_Handler
                0x100420be        0xa Startup/system_BlueNRG1.o
                0x100420be                MFT1A_Handler
 .text.MFT1B_Handler
                0x100420c8        0xa Startup/system_BlueNRG1.o
                0x100420c8                MFT1B_Handler
 .text.MFT2A_Handler
                0x100420d2        0xa Startup/system_BlueNRG1.o
                0x100420d2                MFT2A_Handler
 .text.MFT2B_Handler
                0x100420dc        0xa Startup/system_BlueNRG1.o
                0x100420dc                MFT2B_Handler
 .text.RTC_Handler
                0x100420e6        0xa Startup/system_BlueNRG1.o
                0x100420e6                RTC_Handler
 .text.WDG_Handler
                0x100420f0        0xa Startup/system_BlueNRG1.o
                0x100420f0                WDG_Handler
 .text.ADC_Handler
                0x100420fa        0xa Startup/system_BlueNRG1.o
                0x100420fa                ADC_Handler
 .text.I2C2_Handler
                0x10042104        0xa Startup/system_BlueNRG1.o
                0x10042104                I2C2_Handler
 .text.I2C1_Handler
                0x1004210e        0xa Startup/system_BlueNRG1.o
                0x1004210e                I2C1_Handler
 .text.DMA_Handler
                0x10042118        0xa Startup/system_BlueNRG1.o
                0x10042118                DMA_Handler
 .text.PKA_Handler
                0x10042122        0xa Startup/system_BlueNRG1.o
                0x10042122                PKA_Handler
 .text.__low_level_init
                0x1004212c       0x88 Startup/system_BlueNRG1.o
                0x1004212c                __low_level_init
 .text.RESET_HANDLER
                0x100421b4       0xc8 Startup/system_BlueNRG1.o
                0x100421b4                RESET_HANDLER
 .text.Set_RF_FrontEnd
                0x1004227c       0xa0 Startup/system_BlueNRG1.o
                0x1004227c                Set_RF_FrontEnd
 .text.BOR_ConfigSave
                0x1004231c       0xa4 Startup/system_BlueNRG1.o
                0x1004231c                BOR_ConfigSave
 .text.SET_BORconfigStatus
                0x100423c0       0x8c Startup/system_BlueNRG1.o
                0x100423c0                SET_BORconfigStatus
 .text.nextRF_transaction
                0x1004244c       0xb4 Startup/system_BlueNRG1.o
 .text.DeviceConfiguration
                0x10042500      0x21c Startup/system_BlueNRG1.o
                0x10042500                DeviceConfiguration
 .text.SystemInit
                0x1004271c       0xc8 Startup/system_BlueNRG1.o
                0x1004271c                SystemInit
 .text.NVIC_SystemReset
                0x100427e4       0x20 User/BLE_SerialPort_Master_Slave_main.o
 .text.main     0x10042804       0x64 User/BLE_SerialPort_Master_Slave_main.o
                0x10042804                main
 .text.hci_hardware_error_event
                0x10042868       0x18 User/BLE_SerialPort_Master_Slave_main.o
                0x10042868                hci_hardware_error_event
 .text.aci_hal_fw_error_event
                0x10042880       0x4a User/BLE_SerialPort_Master_Slave_main.o
                0x10042880                aci_hal_fw_error_event
 .text.NMI_Handler
                0x100428ca        0xa User/BlueNRG1_it.o
                0x100428ca                NMI_Handler
 .text.HardFault_Handler
                0x100428d4        0x6 User/BlueNRG1_it.o
                0x100428d4                HardFault_Handler
 .text.SVC_Handler
                0x100428da        0xa User/BlueNRG1_it.o
                0x100428da                SVC_Handler
 .text.SysTick_Handler
                0x100428e4        0xe User/BlueNRG1_it.o
                0x100428e4                SysTick_Handler
 .text.GPIO_Handler
                0x100428f2        0xa User/BlueNRG1_it.o
                0x100428f2                GPIO_Handler
 .text.UART_Handler
                0x100428fc        0xe User/BlueNRG1_it.o
                0x100428fc                UART_Handler
 .text.Blue_Handler
                0x1004290a        0xe User/BlueNRG1_it.o
                0x1004290a                Blue_Handler
 .text.Add_SerialPort_Service
                0x10042918      0x114 User/gatt_db.o
                0x10042918                Add_SerialPort_Service
 .text.NVIC_EnableIRQ
                0x10042a2c       0x2c User/serial_port.o
 .text.NVIC_DisableIRQ
                0x10042a58       0x30 User/serial_port.o
 .text.name_write
                0x10042a88       0xc4 User/serial_port.o
                0x10042a88                name_write
 .text.node_id_write
                0x10042b4c       0x84 User/serial_port.o
                0x10042b4c                node_id_write
 .text.baud_write
                0x10042bd0       0x34 User/serial_port.o
                0x10042bd0                baud_write
 .text.mac_write
                0x10042c04       0xbc User/serial_port.o
                0x10042c04                mac_write
 .text.flash_read
                0x10042cc0      0x180 User/serial_port.o
                0x10042cc0                flash_read
 .text.clean_name
                0x10042e40       0x34 User/serial_port.o
                0x10042e40                clean_name
 .text.cmd_clean
                0x10042e74       0x3c User/serial_port.o
                0x10042e74                cmd_clean
 .text.delay    0x10042eb0       0x2c User/serial_port.o
                0x10042eb0                delay
 .text.Process_InputData
                0x10042edc      0x968 User/serial_port.o
                0x10042edc                Process_InputData
 .text.Reset_DiscoveryContext
                0x10043844       0x4c User/serial_port.o
                0x10043844                Reset_DiscoveryContext
 .text.Setup_DeviceAddress
                0x10043890       0x4c User/serial_port.o
                0x10043890                Setup_DeviceAddress
 .text.Find_DeviceName
                0x100438dc       0x80 User/serial_port.o
                0x100438dc                Find_DeviceName
 .text.SerialPort_DeviceInit
                0x1004395c       0x7a User/serial_port.o
                0x1004395c                SerialPort_DeviceInit
 *fill*         0x100439d6        0x2 
 .text.Send_Data_Over_BLE
                0x100439d8      0x100 User/serial_port.o
                0x100439d8                Send_Data_Over_BLE
 .text.Connection_StateMachine
                0x10043ad8      0x22c User/serial_port.o
                0x10043ad8                Connection_StateMachine
 .text.APP_Tick
                0x10043d04      0x1c0 User/serial_port.o
                0x10043d04                APP_Tick
 .text.aci_gap_proc_complete_event
                0x10043ec4       0x68 User/serial_port.o
                0x10043ec4                aci_gap_proc_complete_event
 .text.hci_le_connection_complete_event
                0x10043f2c       0x84 User/serial_port.o
                0x10043f2c                hci_le_connection_complete_event
 .text.hci_disconnection_complete_event
                0x10043fb0       0xac User/serial_port.o
                0x10043fb0                hci_disconnection_complete_event
 .text.hci_le_advertising_report_event
                0x1004405c       0xa4 User/serial_port.o
                0x1004405c                hci_le_advertising_report_event
 .text.Attribute_Modified_CB
                0x10044100      0x14c User/serial_port.o
                0x10044100                Attribute_Modified_CB
 .text.aci_gatt_attribute_modified_event
                0x1004424c       0x3e User/serial_port.o
                0x1004424c                aci_gatt_attribute_modified_event
 *fill*         0x1004428a        0x2 
 .text.aci_gatt_notification_event
                0x1004428c       0x80 User/serial_port.o
                0x1004428c                aci_gatt_notification_event
 .text.aci_gatt_disc_read_char_by_uuid_resp_event
                0x1004430c       0x80 User/serial_port.o
                0x1004430c                aci_gatt_disc_read_char_by_uuid_resp_event
 .text.aci_gatt_proc_complete_event
                0x1004438c       0x6c User/serial_port.o
                0x1004438c                aci_gatt_proc_complete_event
 .text.aci_gatt_tx_pool_available_event
                0x100443f8       0x30 User/serial_port.o
                0x100443f8                aci_gatt_tx_pool_available_event
 .text.__aeabi_memmove
                0x10044428        0x8 c:/wise-studio/tools/gcc-arm-none-eabi-9-2019-q4-major/bin/../lib/gcc/arm-none-eabi/9.2.1/../../../../arm-none-eabi/lib/thumb/v6-m/nofp\libc_nano.a(lib_a-aeabi_memmove.o)
                0x10044428                __aeabi_memmove
                0x10044428                __aeabi_memmove4
                0x10044428                __aeabi_memmove8
 .text.memcmp   0x10044430       0x1c c:/wise-studio/tools/gcc-arm-none-eabi-9-2019-q4-major/bin/../lib/gcc/arm-none-eabi/9.2.1/../../../../arm-none-eabi/lib/thumb/v6-m/nofp\libc_nano.a(lib_a-memcmp.o)
                0x10044430                memcmp
 .text.memcpy   0x1004444c       0x12 c:/wise-studio/tools/gcc-arm-none-eabi-9-2019-q4-major/bin/../lib/gcc/arm-none-eabi/9.2.1/../../../../arm-none-eabi/lib/thumb/v6-m/nofp\libc_nano.a(lib_a-memcpy-stub.o)
                0x1004444c                memcpy
 .text.memmove  0x1004445e       0x26 c:/wise-studio/tools/gcc-arm-none-eabi-9-2019-q4-major/bin/../lib/gcc/arm-none-eabi/9.2.1/../../../../arm-none-eabi/lib/thumb/v6-m/nofp\libc_nano.a(lib_a-memmove.o)
                0x1004445e                memmove
 .text.memset   0x10044484       0x10 c:/wise-studio/tools/gcc-arm-none-eabi-9-2019-q4-major/bin/../lib/gcc/arm-none-eabi/9.2.1/../../../../arm-none-eabi/lib/thumb/v6-m/nofp\libc_nano.a(lib_a-memset.o)
                0x10044484                memset
 .text.printf   0x10044494       0x34 c:/wise-studio/tools/gcc-arm-none-eabi-9-2019-q4-major/bin/../lib/gcc/arm-none-eabi/9.2.1/../../../../arm-none-eabi/lib/thumb/v6-m/nofp\libc_nano.a(lib_a-printf.o)
                0x10044494                iprintf
                0x10044494                printf
 .text._puts_r  0x100444c8       0xe4 c:/wise-studio/tools/gcc-arm-none-eabi-9-2019-q4-major/bin/../lib/gcc/arm-none-eabi/9.2.1/../../../../arm-none-eabi/lib/thumb/v6-m/nofp\libc_nano.a(lib_a-puts.o)
                0x100444c8                _puts_r
 .text.puts     0x100445ac       0x14 c:/wise-studio/tools/gcc-arm-none-eabi-9-2019-q4-major/bin/../lib/gcc/arm-none-eabi/9.2.1/../../../../arm-none-eabi/lib/thumb/v6-m/nofp\libc_nano.a(lib_a-puts.o)
                0x100445ac                puts
 .text.setvbuf  0x100445c0      0x190 c:/wise-studio/tools/gcc-arm-none-eabi-9-2019-q4-major/bin/../lib/gcc/arm-none-eabi/9.2.1/../../../../arm-none-eabi/lib/thumb/v6-m/nofp\libc_nano.a(lib_a-setvbuf.o)
                0x100445c0                setvbuf
 .text.strncmp  0x10044750       0x22 c:/wise-studio/tools/gcc-arm-none-eabi-9-2019-q4-major/bin/../lib/gcc/arm-none-eabi/9.2.1/../../../../arm-none-eabi/lib/thumb/v6-m/nofp\libc_nano.a(lib_a-strncmp.o)
                0x10044750                strncmp
 *fill*         0x10044772        0x2 
 .text.strtok   0x10044774       0x50 c:/wise-studio/tools/gcc-arm-none-eabi-9-2019-q4-major/bin/../lib/gcc/arm-none-eabi/9.2.1/../../../../arm-none-eabi/lib/thumb/v6-m/nofp\libc_nano.a(lib_a-strtok.o)
                0x10044774                strtok
 .text.__strtok_r
                0x100447c4       0x5e c:/wise-studio/tools/gcc-arm-none-eabi-9-2019-q4-major/bin/../lib/gcc/arm-none-eabi/9.2.1/../../../../arm-none-eabi/lib/thumb/v6-m/nofp\libc_nano.a(lib_a-strtok_r.o)
                0x100447c4                __strtok_r
 *fill*         0x10044822        0x2 
 .text.__swbuf_r
                0x10044824       0xac c:/wise-studio/tools/gcc-arm-none-eabi-9-2019-q4-major/bin/../lib/gcc/arm-none-eabi/9.2.1/../../../../arm-none-eabi/lib/thumb/v6-m/nofp\libc_nano.a(lib_a-wbuf.o)
                0x10044824                __swbuf_r
 .text.__swsetup_r
                0x100448d0       0xf0 c:/wise-studio/tools/gcc-arm-none-eabi-9-2019-q4-major/bin/../lib/gcc/arm-none-eabi/9.2.1/../../../../arm-none-eabi/lib/thumb/v6-m/nofp\libc_nano.a(lib_a-wsetup.o)
                0x100448d0                __swsetup_r
 .text.__sflush_r
                0x100449c0      0x118 c:/wise-studio/tools/gcc-arm-none-eabi-9-2019-q4-major/bin/../lib/gcc/arm-none-eabi/9.2.1/../../../../arm-none-eabi/lib/thumb/v6-m/nofp\libc_nano.a(lib_a-fflush.o)
                0x100449c0                __sflush_r
 .text._fflush_r
                0x10044ad8       0x80 c:/wise-studio/tools/gcc-arm-none-eabi-9-2019-q4-major/bin/../lib/gcc/arm-none-eabi/9.2.1/../../../../arm-none-eabi/lib/thumb/v6-m/nofp\libc_nano.a(lib_a-fflush.o)
                0x10044ad8                _fflush_r
 .text.std      0x10044b58       0x48 c:/wise-studio/tools/gcc-arm-none-eabi-9-2019-q4-major/bin/../lib/gcc/arm-none-eabi/9.2.1/../../../../arm-none-eabi/lib/thumb/v6-m/nofp\libc_nano.a(lib_a-findfp.o)
 .text._cleanup_r
                0x10044ba0       0x10 c:/wise-studio/tools/gcc-arm-none-eabi-9-2019-q4-major/bin/../lib/gcc/arm-none-eabi/9.2.1/../../../../arm-none-eabi/lib/thumb/v6-m/nofp\libc_nano.a(lib_a-findfp.o)
                0x10044ba0                _cleanup_r
 .text.__sfmoreglue
                0x10044bb0       0x2c c:/wise-studio/tools/gcc-arm-none-eabi-9-2019-q4-major/bin/../lib/gcc/arm-none-eabi/9.2.1/../../../../arm-none-eabi/lib/thumb/v6-m/nofp\libc_nano.a(lib_a-findfp.o)
                0x10044bb0                __sfmoreglue
 .text.__sfp_lock_acquire
                0x10044bdc       0x10 c:/wise-studio/tools/gcc-arm-none-eabi-9-2019-q4-major/bin/../lib/gcc/arm-none-eabi/9.2.1/../../../../arm-none-eabi/lib/thumb/v6-m/nofp\libc_nano.a(lib_a-findfp.o)
                0x10044bdc                __sfp_lock_acquire
 .text.__sfp_lock_release
                0x10044bec       0x10 c:/wise-studio/tools/gcc-arm-none-eabi-9-2019-q4-major/bin/../lib/gcc/arm-none-eabi/9.2.1/../../../../arm-none-eabi/lib/thumb/v6-m/nofp\libc_nano.a(lib_a-findfp.o)
                0x10044bec                __sfp_lock_release
 .text.__sinit_lock_acquire
                0x10044bfc       0x10 c:/wise-studio/tools/gcc-arm-none-eabi-9-2019-q4-major/bin/../lib/gcc/arm-none-eabi/9.2.1/../../../../arm-none-eabi/lib/thumb/v6-m/nofp\libc_nano.a(lib_a-findfp.o)
                0x10044bfc                __sinit_lock_acquire
 .text.__sinit_lock_release
                0x10044c0c       0x10 c:/wise-studio/tools/gcc-arm-none-eabi-9-2019-q4-major/bin/../lib/gcc/arm-none-eabi/9.2.1/../../../../arm-none-eabi/lib/thumb/v6-m/nofp\libc_nano.a(lib_a-findfp.o)
                0x10044c0c                __sinit_lock_release
 .text.__sinit  0x10044c1c       0x70 c:/wise-studio/tools/gcc-arm-none-eabi-9-2019-q4-major/bin/../lib/gcc/arm-none-eabi/9.2.1/../../../../arm-none-eabi/lib/thumb/v6-m/nofp\libc_nano.a(lib_a-findfp.o)
                0x10044c1c                __sinit
 .text.__sfp    0x10044c8c       0x90 c:/wise-studio/tools/gcc-arm-none-eabi-9-2019-q4-major/bin/../lib/gcc/arm-none-eabi/9.2.1/../../../../arm-none-eabi/lib/thumb/v6-m/nofp\libc_nano.a(lib_a-findfp.o)
                0x10044c8c                __sfp
 .text._fwalk_reent
                0x10044d1c       0x40 c:/wise-studio/tools/gcc-arm-none-eabi-9-2019-q4-major/bin/../lib/gcc/arm-none-eabi/9.2.1/../../../../arm-none-eabi/lib/thumb/v6-m/nofp\libc_nano.a(lib_a-fwalk.o)
                0x10044d1c                _fwalk_reent
 .text.__retarget_lock_init_recursive
                0x10044d5c        0x2 c:/wise-studio/tools/gcc-arm-none-eabi-9-2019-q4-major/bin/../lib/gcc/arm-none-eabi/9.2.1/../../../../arm-none-eabi/lib/thumb/v6-m/nofp\libc_nano.a(lib_a-lock.o)
                0x10044d5c                __retarget_lock_init_recursive
 .text.__retarget_lock_acquire_recursive
                0x10044d5e        0x2 c:/wise-studio/tools/gcc-arm-none-eabi-9-2019-q4-major/bin/../lib/gcc/arm-none-eabi/9.2.1/../../../../arm-none-eabi/lib/thumb/v6-m/nofp\libc_nano.a(lib_a-lock.o)
                0x10044d5e                __retarget_lock_acquire_recursive
 .text.__retarget_lock_release_recursive
                0x10044d60        0x2 c:/wise-studio/tools/gcc-arm-none-eabi-9-2019-q4-major/bin/../lib/gcc/arm-none-eabi/9.2.1/../../../../arm-none-eabi/lib/thumb/v6-m/nofp\libc_nano.a(lib_a-lock.o)
                0x10044d60                __retarget_lock_release_recursive
 *fill*         0x10044d62        0x2 
 .text.__swhatbuf_r
                0x10044d64       0x50 c:/wise-studio/tools/gcc-arm-none-eabi-9-2019-q4-major/bin/../lib/gcc/arm-none-eabi/9.2.1/../../../../arm-none-eabi/lib/thumb/v6-m/nofp\libc_nano.a(lib_a-makebuf.o)
                0x10044d64                __swhatbuf_r
 .text.__smakebuf_r
                0x10044db4       0x88 c:/wise-studio/tools/gcc-arm-none-eabi-9-2019-q4-major/bin/../lib/gcc/arm-none-eabi/9.2.1/../../../../arm-none-eabi/lib/thumb/v6-m/nofp\libc_nano.a(lib_a-makebuf.o)
                0x10044db4                __smakebuf_r
 .text.malloc   0x10044e3c       0x14 c:/wise-studio/tools/gcc-arm-none-eabi-9-2019-q4-major/bin/../lib/gcc/arm-none-eabi/9.2.1/../../../../arm-none-eabi/lib/thumb/v6-m/nofp\libc_nano.a(lib_a-malloc.o)
                0x10044e3c                malloc
 .text._free_r  0x10044e50       0x94 c:/wise-studio/tools/gcc-arm-none-eabi-9-2019-q4-major/bin/../lib/gcc/arm-none-eabi/9.2.1/../../../../arm-none-eabi/lib/thumb/v6-m/nofp\libc_nano.a(lib_a-nano-freer.o)
                0x10044e50                _free_r
 .text._malloc_r
                0x10044ee4       0xbc c:/wise-studio/tools/gcc-arm-none-eabi-9-2019-q4-major/bin/../lib/gcc/arm-none-eabi/9.2.1/../../../../arm-none-eabi/lib/thumb/v6-m/nofp\libc_nano.a(lib_a-nano-mallocr.o)
                0x10044ee4                _malloc_r
 .text.__sfputc_r
                0x10044fa0       0x2a c:/wise-studio/tools/gcc-arm-none-eabi-9-2019-q4-major/bin/../lib/gcc/arm-none-eabi/9.2.1/../../../../arm-none-eabi/lib/thumb/v6-m/nofp\libc_nano.a(lib_a-nano-vfprintf.o)
 .text.__sfputs_r
                0x10044fca       0x24 c:/wise-studio/tools/gcc-arm-none-eabi-9-2019-q4-major/bin/../lib/gcc/arm-none-eabi/9.2.1/../../../../arm-none-eabi/lib/thumb/v6-m/nofp\libc_nano.a(lib_a-nano-vfprintf.o)
                0x10044fca                __sfputs_r
 *fill*         0x10044fee        0x2 
 .text._vfprintf_r
                0x10044ff0      0x274 c:/wise-studio/tools/gcc-arm-none-eabi-9-2019-q4-major/bin/../lib/gcc/arm-none-eabi/9.2.1/../../../../arm-none-eabi/lib/thumb/v6-m/nofp\libc_nano.a(lib_a-nano-vfprintf.o)
                0x10044ff0                _vfprintf_r
                0x10044ff0                _vfiprintf_r
 .text._printf_common
                0x10045264       0xde c:/wise-studio/tools/gcc-arm-none-eabi-9-2019-q4-major/bin/../lib/gcc/arm-none-eabi/9.2.1/../../../../arm-none-eabi/lib/thumb/v6-m/nofp\libc_nano.a(lib_a-nano-vfprintf_i.o)
                0x10045264                _printf_common
 *fill*         0x10045342        0x2 
 .text._printf_i
                0x10045344      0x224 c:/wise-studio/tools/gcc-arm-none-eabi-9-2019-q4-major/bin/../lib/gcc/arm-none-eabi/9.2.1/../../../../arm-none-eabi/lib/thumb/v6-m/nofp\libc_nano.a(lib_a-nano-vfprintf_i.o)
                0x10045344                _printf_i
 .text._sbrk_r  0x10045568       0x24 c:/wise-studio/tools/gcc-arm-none-eabi-9-2019-q4-major/bin/../lib/gcc/arm-none-eabi/9.2.1/../../../../arm-none-eabi/lib/thumb/v6-m/nofp\libc_nano.a(lib_a-sbrkr.o)
                0x10045568                _sbrk_r
 .text.__sread  0x1004558c       0x28 c:/wise-studio/tools/gcc-arm-none-eabi-9-2019-q4-major/bin/../lib/gcc/arm-none-eabi/9.2.1/../../../../arm-none-eabi/lib/thumb/v6-m/nofp\libc_nano.a(lib_a-stdio.o)
                0x1004558c                __sread
 .text.__swrite
                0x100455b4       0x38 c:/wise-studio/tools/gcc-arm-none-eabi-9-2019-q4-major/bin/../lib/gcc/arm-none-eabi/9.2.1/../../../../arm-none-eabi/lib/thumb/v6-m/nofp\libc_nano.a(lib_a-stdio.o)
                0x100455b4                __swrite
 .text.__sseek  0x100455ec       0x2c c:/wise-studio/tools/gcc-arm-none-eabi-9-2019-q4-major/bin/../lib/gcc/arm-none-eabi/9.2.1/../../../../arm-none-eabi/lib/thumb/v6-m/nofp\libc_nano.a(lib_a-stdio.o)
                0x100455ec                __sseek
 .text.__sclose
                0x10045618        0xc c:/wise-studio/tools/gcc-arm-none-eabi-9-2019-q4-major/bin/../lib/gcc/arm-none-eabi/9.2.1/../../../../arm-none-eabi/lib/thumb/v6-m/nofp\libc_nano.a(lib_a-stdio.o)
                0x10045618                __sclose
 .text._write_r
                0x10045624       0x28 c:/wise-studio/tools/gcc-arm-none-eabi-9-2019-q4-major/bin/../lib/gcc/arm-none-eabi/9.2.1/../../../../arm-none-eabi/lib/thumb/v6-m/nofp\libc_nano.a(lib_a-writer.o)
                0x10045624                _write_r
 .text._close_r
                0x1004564c       0x24 c:/wise-studio/tools/gcc-arm-none-eabi-9-2019-q4-major/bin/../lib/gcc/arm-none-eabi/9.2.1/../../../../arm-none-eabi/lib/thumb/v6-m/nofp\libc_nano.a(lib_a-closer.o)
                0x1004564c                _close_r
 .text._fstat_r
                0x10045670       0x24 c:/wise-studio/tools/gcc-arm-none-eabi-9-2019-q4-major/bin/../lib/gcc/arm-none-eabi/9.2.1/../../../../arm-none-eabi/lib/thumb/v6-m/nofp\libc_nano.a(lib_a-fstatr.o)
                0x10045670                _fstat_r
 .text._isatty_r
                0x10045694       0x24 c:/wise-studio/tools/gcc-arm-none-eabi-9-2019-q4-major/bin/../lib/gcc/arm-none-eabi/9.2.1/../../../../arm-none-eabi/lib/thumb/v6-m/nofp\libc_nano.a(lib_a-isattyr.o)
                0x10045694                _isatty_r
 .text._lseek_r
                0x100456b8       0x28 c:/wise-studio/tools/gcc-arm-none-eabi-9-2019-q4-major/bin/../lib/gcc/arm-none-eabi/9.2.1/../../../../arm-none-eabi/lib/thumb/v6-m/nofp\libc_nano.a(lib_a-lseekr.o)
                0x100456b8                _lseek_r
 .text.memchr   0x100456e0       0x16 c:/wise-studio/tools/gcc-arm-none-eabi-9-2019-q4-major/bin/../lib/gcc/arm-none-eabi/9.2.1/../../../../arm-none-eabi/lib/thumb/v6-m/nofp\libc_nano.a(lib_a-memchr-stub.o)
                0x100456e0                memchr
 *fill*         0x100456f6        0x2 
 .text.__malloc_lock
                0x100456f8       0x10 c:/wise-studio/tools/gcc-arm-none-eabi-9-2019-q4-major/bin/../lib/gcc/arm-none-eabi/9.2.1/../../../../arm-none-eabi/lib/thumb/v6-m/nofp\libc_nano.a(lib_a-mlock.o)
                0x100456f8                __malloc_lock
 .text.__malloc_unlock
                0x10045708       0x10 c:/wise-studio/tools/gcc-arm-none-eabi-9-2019-q4-major/bin/../lib/gcc/arm-none-eabi/9.2.1/../../../../arm-none-eabi/lib/thumb/v6-m/nofp\libc_nano.a(lib_a-mlock.o)
                0x10045708                __malloc_unlock
 .text._read_r  0x10045718       0x28 c:/wise-studio/tools/gcc-arm-none-eabi-9-2019-q4-major/bin/../lib/gcc/arm-none-eabi/9.2.1/../../../../arm-none-eabi/lib/thumb/v6-m/nofp\libc_nano.a(lib_a-readr.o)
                0x10045718                _read_r
 *(i.*)
 i._aci_gap_set_discoverable_param_check
                0x10045740       0x5c ../../../../../../Library/Bluetooth_LE/library\libbluenrg1_stack.a(bluenrg_gap_aci.o)
 i.aci_gap_create_connection_api
                0x1004579c       0x5a ../../../../../../Library/Bluetooth_LE/library\libbluenrg1_stack.a(bluenrg_gap_aci.o)
                0x1004579c                aci_gap_create_connection_api
 i.aci_gap_init
                0x100457f6       0x30 ../../../../../../Library/Bluetooth_LE/library\libbluenrg1_stack.a(bluenrg_gap_aci.o)
                0x100457f6                aci_gap_init
 i.aci_gap_set_discoverable
                0x10045826       0x42 ../../../../../../Library/Bluetooth_LE/library\libbluenrg1_stack.a(bluenrg_gap_aci.o)
                0x10045826                aci_gap_set_discoverable
 i.aci_gap_set_non_discoverable
                0x10045868       0x14 ../../../../../../Library/Bluetooth_LE/library\libbluenrg1_stack.a(bluenrg_gap_aci.o)
                0x10045868                aci_gap_set_non_discoverable
 i.aci_gap_start_general_discovery_proc_api
                0x1004587c        0x8 ../../../../../../Library/Bluetooth_LE/library\libbluenrg1_stack.a(bluenrg_gap_aci.o)
                0x1004587c                aci_gap_start_general_discovery_proc_api
 i.aci_gap_terminate
                0x10045884        0x8 ../../../../../../Library/Bluetooth_LE/library\libbluenrg1_stack.a(bluenrg_gap_aci.o)
                0x10045884                aci_gap_terminate
 i.aci_gap_terminate_gap_proc_api
                0x1004588c        0x8 ../../../../../../Library/Bluetooth_LE/library\libbluenrg1_stack.a(bluenrg_gap_aci.o)
                0x1004588c                aci_gap_terminate_gap_proc_api
 i._load_uuid   0x10045894       0x26 ../../../../../../Library/Bluetooth_LE/library\libbluenrg1_stack.a(bluenrg_gatt_aci.o)
 i.aci_gatt_add_char
                0x100458ba       0x3e ../../../../../../Library/Bluetooth_LE/library\libbluenrg1_stack.a(bluenrg_gatt_aci.o)
                0x100458ba                aci_gatt_add_char
 i.aci_gatt_add_service
                0x100458f8       0x36 ../../../../../../Library/Bluetooth_LE/library\libbluenrg1_stack.a(bluenrg_gatt_aci.o)
                0x100458f8                aci_gatt_add_service
 i.aci_gatt_disc_char_by_uuid
                0x1004592e       0x28 ../../../../../../Library/Bluetooth_LE/library\libbluenrg1_stack.a(bluenrg_gatt_aci.o)
                0x1004592e                aci_gatt_disc_char_by_uuid
 i.aci_gatt_init
                0x10045956        0x8 ../../../../../../Library/Bluetooth_LE/library\libbluenrg1_stack.a(bluenrg_gatt_aci.o)
                0x10045956                aci_gatt_init
 i.aci_gatt_update_char_value
                0x1004595e       0x14 ../../../../../../Library/Bluetooth_LE/library\libbluenrg1_stack.a(bluenrg_gatt_aci.o)
                0x1004595e                aci_gatt_update_char_value
 i.aci_gatt_update_char_value_ext
                0x10045972       0x22 ../../../../../../Library/Bluetooth_LE/library\libbluenrg1_stack.a(bluenrg_gatt_aci.o)
                0x10045972                aci_gatt_update_char_value_ext
 i.aci_gatt_write_char_desc
                0x10045994        0x8 ../../../../../../Library/Bluetooth_LE/library\libbluenrg1_stack.a(bluenrg_gatt_aci.o)
                0x10045994                aci_gatt_write_char_desc
 i.aci_hal_set_tx_power_level
                0x1004599c        0x8 ../../../../../../Library/Bluetooth_LE/library\libbluenrg1_stack.a(bluenrg_hal_aci.o)
                0x1004599c                aci_hal_set_tx_power_level
 i.aci_hal_write_config_data
                0x100459a4        0x8 ../../../../../../Library/Bluetooth_LE/library\libbluenrg1_stack.a(bluenrg_hal_aci.o)
                0x100459a4                aci_hal_write_config_data
 i.BTLE_StackTick
                0x100459ac       0x84 ../../../../../../Library/Bluetooth_LE/library\libbluenrg1_stack.a(bluenrg_main_func.o)
                0x100459ac                BTLE_StackTick
 i.BlueNRG_Stack_Initialization
                0x10045a30       0x44 ../../../../../../Library/Bluetooth_LE/library\libbluenrg1_stack.a(bluenrg_main_func.o)
                0x10045a30                BlueNRG_Stack_Initialization
 i.BlueNRG_Stack_Initialize_ConfigData
                0x10045a74       0x64 ../../../../../../Library/Bluetooth_LE/library\libbluenrg1_stack.a(bluenrg_main_func.o)
 i.BlueNRG_Stack_Initialize_Layers
                0x10045ad8       0x8c ../../../../../../Library/Bluetooth_LE/library\libbluenrg1_stack.a(bluenrg_main_func.o)
 i.BlueNRG_Stack_Initialize_RAM_check
                0x10045b64       0x80 ../../../../../../Library/Bluetooth_LE/library\libbluenrg1_stack.a(bluenrg_main_func.o)
                0x10045b64                BlueNRG_Stack_Initialize_RAM_check
 i.BlueNRG_Stack_Perform_Crystal_Check
                0x10045be4       0xc4 ../../../../../../Library/Bluetooth_LE/library\libbluenrg1_stack.a(bluenrg_main_func.o)
 i.BlueNRG_Start_Crystal_Measurement
                0x10045ca8       0x1c ../../../../../../Library/Bluetooth_LE/library\libbluenrg1_stack.a(bluenrg_main_func.o)
 i._BlueNRG_Stack_Initialization
                0x10045cc4       0xe8 ../../../../../../Library/Bluetooth_LE/library\libbluenrg1_stack.a(bluenrg_main_func.o)
                0x10045cc4                _BlueNRG_Stack_Initialization
 i.GAP_Connection_Complete_Handler
                0x10045dac       0x68 ../../../../../../Library/Bluetooth_LE/library\libbluenrg1_stack.a(gap.o)
                0x10045dac                GAP_Connection_Complete_Handler
 i.GAP_Create_Connection
                0x10045e14       0x64 ../../../../../../Library/Bluetooth_LE/library\libbluenrg1_stack.a(gap.o)
                0x10045e14                GAP_Create_Connection
 i.GAP_DiscProcTimeoutcb
                0x10045e78       0x48 ../../../../../../Library/Bluetooth_LE/library\libbluenrg1_stack.a(gap.o)
                0x10045e78                GAP_DiscProcTimeoutcb
 i.GAP_Init     0x10045ec0      0x1fc ../../../../../../Library/Bluetooth_LE/library\libbluenrg1_stack.a(gap.o)
                0x10045ec0                GAP_Init
 i.GAP_Init_Context
                0x100460bc       0x14 ../../../../../../Library/Bluetooth_LE/library\libbluenrg1_stack.a(gap.o)
                0x100460bc                GAP_Init_Context
 i.GAP_Internal_Evt_Handler
                0x100460d0       0x3c ../../../../../../Library/Bluetooth_LE/library\libbluenrg1_stack.a(gap.o)
                0x100460d0                GAP_Internal_Evt_Handler
 i.GAP_LL_Event_Handler_ISR
                0x1004610c       0x68 ../../../../../../Library/Bluetooth_LE/library\libbluenrg1_stack.a(gap.o)
                0x1004610c                GAP_LL_Event_Handler_ISR
 i.GAP_LimDiscTimeoutcb
                0x10046174       0x2c ../../../../../../Library/Bluetooth_LE/library\libbluenrg1_stack.a(gap.o)
                0x10046174                GAP_LimDiscTimeoutcb
 i.GAP_Process_Q
                0x100461a0       0x40 ../../../../../../Library/Bluetooth_LE/library\libbluenrg1_stack.a(gap.o)
                0x100461a0                GAP_Process_Q
 i.GAP_Set_Discoverable_Mode
                0x100461e0       0x38 ../../../../../../Library/Bluetooth_LE/library\libbluenrg1_stack.a(gap.o)
                0x100461e0                GAP_Set_Discoverable_Mode
 i.GAP_Set_Non_Discoverable_Mode
                0x10046218       0x2c ../../../../../../Library/Bluetooth_LE/library\libbluenrg1_stack.a(gap.o)
                0x10046218                GAP_Set_Non_Discoverable_Mode
 i.GAP_Start_General_Discovery_Procedure
                0x10046244       0x48 ../../../../../../Library/Bluetooth_LE/library\libbluenrg1_stack.a(gap.o)
                0x10046244                GAP_Start_General_Discovery_Procedure
 i.GAP_Started_Gatt_Proc
                0x1004628c       0x2c ../../../../../../Library/Bluetooth_LE/library\libbluenrg1_stack.a(gap.o)
                0x1004628c                GAP_Started_Gatt_Proc
 i.GAP_Terminate_Gap_Procedure
                0x100462b8       0x8c ../../../../../../Library/Bluetooth_LE/library\libbluenrg1_stack.a(gap.o)
                0x100462b8                GAP_Terminate_Gap_Procedure
 i.GAP_check_and_set_role
                0x10046344        0xe ../../../../../../Library/Bluetooth_LE/library\libbluenrg1_stack.a(gap.o)
                0x10046344                GAP_check_and_set_role
 *fill*         0x10046352        0x2 
 i.GAP_discover_peer_name
                0x10046354       0x44 ../../../../../../Library/Bluetooth_LE/library\libbluenrg1_stack.a(gap.o)
                0x10046354                GAP_discover_peer_name
 i.GAP_enable_controller_privacy
                0x10046398       0x44 ../../../../../../Library/Bluetooth_LE/library\libbluenrg1_stack.a(gap.o)
                0x10046398                GAP_enable_controller_privacy
 i._GAP_Parse_Advertising_Report
                0x100463dc       0x6c ../../../../../../Library/Bluetooth_LE/library\libbluenrg1_stack.a(gap.o)
 i._gap_set_discoverable_connectable
                0x10046448      0x174 ../../../../../../Library/Bluetooth_LE/library\libbluenrg1_stack.a(gap.o)
                0x10046448                _gap_set_discoverable_connectable
 i.aci_gap_limited_discoverable_event_push
                0x100465bc       0x50 ../../../../../../Library/Bluetooth_LE/library\libbluenrg1_stack.a(gap.o)
 i.aci_gap_proc_complete_event_push
                0x1004660c       0x74 ../../../../../../Library/Bluetooth_LE/library\libbluenrg1_stack.a(gap.o)
 i.advParamsCheckAndSet
                0x10046680       0x8c ../../../../../../Library/Bluetooth_LE/library\libbluenrg1_stack.a(gap.o)
                0x10046680                advParamsCheckAndSet
 i.gapClearAllModeFlags
                0x1004670c       0x14 ../../../../../../Library/Bluetooth_LE/library\libbluenrg1_stack.a(gap.o)
                0x1004670c                gapClearAllModeFlags
 i.setGapAdvData
                0x10046720      0x104 ../../../../../../Library/Bluetooth_LE/library\libbluenrg1_stack.a(gap.o)
                0x10046720                setGapAdvData
 i.Check_and_find_gatt_client
                0x10046824       0x18 ../../../../../../Library/Bluetooth_LE/library\libbluenrg1_stack.a(gatt_client.o)
 i.Find_Gatt_Client
                0x1004683c       0x3c ../../../../../../Library/Bluetooth_LE/library\libbluenrg1_stack.a(gatt_client.o)
                0x1004683c                Find_Gatt_Client
 i.Gatt_Check_Not_Error_Resp
                0x10046878       0x52 ../../../../../../Library/Bluetooth_LE/library\libbluenrg1_stack.a(gatt_client.o)
 i.Gatt_Disc_All_Charac_By_Uuid_Cb
                0x100468ca        0xa ../../../../../../Library/Bluetooth_LE/library\libbluenrg1_stack.a(gatt_client.o)
 i.Gatt_Disc_Charac_By_Uuid
                0x100468d4       0xac ../../../../../../Library/Bluetooth_LE/library\libbluenrg1_stack.a(gatt_client.o)
                0x100468d4                Gatt_Disc_Charac_By_Uuid
 i.Gatt_Read_Charac_By_Uuid
                0x10046980       0x80 ../../../../../../Library/Bluetooth_LE/library\libbluenrg1_stack.a(gatt_client.o)
                0x10046980                Gatt_Read_Charac_By_Uuid
 i.Gatt_Read_Charac_By_Uuid_Cb
                0x10046a00        0xa ../../../../../../Library/Bluetooth_LE/library\libbluenrg1_stack.a(gatt_client.o)
 *fill*         0x10046a0a        0x2 
 i.Gatt_Super_Handler
                0x10046a0c      0x328 ../../../../../../Library/Bluetooth_LE/library\libbluenrg1_stack.a(gatt_client.o)
 i.Gatt_Super_Handler_Task7
                0x10046d34      0x188 ../../../../../../Library/Bluetooth_LE/library\libbluenrg1_stack.a(gatt_client.o)
 i.Gatt_Write   0x10046ebc       0x60 ../../../../../../Library/Bluetooth_LE/library\libbluenrg1_stack.a(gatt_client.o)
 i.Gatt_Write_Cb
                0x10046f1c        0xa ../../../../../../Library/Bluetooth_LE/library\libbluenrg1_stack.a(gatt_client.o)
 i.Gatt_Write_Charac_Desc
                0x10046f26        0xe ../../../../../../Library/Bluetooth_LE/library\libbluenrg1_stack.a(gatt_client.o)
                0x10046f26                Gatt_Write_Charac_Desc
 i.aci_att_find_by_type_value_resp_event_push
                0x10046f34       0x78 ../../../../../../Library/Bluetooth_LE/library\libbluenrg1_stack.a(gatt_client.o)
 i.aci_att_find_info_resp_event_push
                0x10046fac       0x7c ../../../../../../Library/Bluetooth_LE/library\libbluenrg1_stack.a(gatt_client.o)
 i.aci_att_read_blob_resp_event_push
                0x10047028       0x74 ../../../../../../Library/Bluetooth_LE/library\libbluenrg1_stack.a(gatt_client.o)
 i.aci_att_read_by_group_type_resp_event_push
                0x1004709c       0x7c ../../../../../../Library/Bluetooth_LE/library\libbluenrg1_stack.a(gatt_client.o)
 i.aci_att_read_by_type_resp_event_push
                0x10047118       0x7c ../../../../../../Library/Bluetooth_LE/library\libbluenrg1_stack.a(gatt_client.o)
 i.aci_att_read_multiple_resp_event_push
                0x10047194       0x74 ../../../../../../Library/Bluetooth_LE/library\libbluenrg1_stack.a(gatt_client.o)
 i.aci_att_read_resp_event_push
                0x10047208       0x74 ../../../../../../Library/Bluetooth_LE/library\libbluenrg1_stack.a(gatt_client.o)
 i.aci_gatt_disc_read_char_by_uuid_resp_event_push
                0x1004727c       0x84 ../../../../../../Library/Bluetooth_LE/library\libbluenrg1_stack.a(gatt_client.o)
 i.aci_gatt_error_resp_event_push
                0x10047300       0x78 ../../../../../../Library/Bluetooth_LE/library\libbluenrg1_stack.a(gatt_client.o)
 i.aci_gatt_proc_complete_event_push
                0x10047378       0x58 ../../../../../../Library/Bluetooth_LE/library\libbluenrg1_stack.a(gatt_client.o)
 i.int16ToLe2Byte
                0x100473d0        0x8 ../../../../../../Library/Bluetooth_LE/library\libbluenrg1_stack.a(gatt_client.o)
 i.le2ByteToInt16
                0x100473d8        0xa ../../../../../../Library/Bluetooth_LE/library\libbluenrg1_stack.a(gatt_client.o)
 i.send_gatt_event
                0x100473e2       0x46 ../../../../../../Library/Bluetooth_LE/library\libbluenrg1_stack.a(gatt_client.o)
 i.Build_Notif_Or_Ind
                0x10047428       0x3e ../../../../../../Library/Bluetooth_LE/library\libbluenrg1_stack.a(gatt_server.o)
                0x10047428                Build_Notif_Or_Ind
 *fill*         0x10047466        0x2 
 i.Check_For_Service_Change
                0x10047468      0x34c ../../../../../../Library/Bluetooth_LE/library\libbluenrg1_stack.a(gatt_server.o)
                0x10047468                Check_For_Service_Change
 i.Find_Attr_Index
                0x100477b4       0x50 ../../../../../../Library/Bluetooth_LE/library\libbluenrg1_stack.a(gatt_server.o)
                0x100477b4                Find_Attr_Index
 i.Find_Timed_Out_Connection
                0x10047804       0x20 ../../../../../../Library/Bluetooth_LE/library\libbluenrg1_stack.a(gatt_server.o)
                0x10047804                Find_Timed_Out_Connection
 i.GATT_Connection_Complete_Handler
                0x10047824       0x44 ../../../../../../Library/Bluetooth_LE/library\libbluenrg1_stack.a(gatt_server.o)
                0x10047824                GATT_Connection_Complete_Handler
 i.GATT_Send_Packet
                0x10047868       0x2c ../../../../../../Library/Bluetooth_LE/library\libbluenrg1_stack.a(gatt_server.o)
                0x10047868                GATT_Send_Packet
 i.GATT_Server_Set_Flag
                0x10047894       0x18 ../../../../../../Library/Bluetooth_LE/library\libbluenrg1_stack.a(gatt_server.o)
 i.GATT_TimeOut_Handler
                0x100478ac       0x1a ../../../../../../Library/Bluetooth_LE/library\libbluenrg1_stack.a(gatt_server.o)
                0x100478ac                GATT_TimeOut_Handler
 *fill*         0x100478c6        0x2 
 i.Gatt_Add_Charac_Desc
                0x100478c8      0x160 ../../../../../../Library/Bluetooth_LE/library\libbluenrg1_stack.a(gatt_server.o)
                0x100478c8                Gatt_Add_Charac_Desc
 i.Gatt_Add_Characteristic
                0x10047a28      0x33c ../../../../../../Library/Bluetooth_LE/library\libbluenrg1_stack.a(gatt_server.o)
                0x10047a28                Gatt_Add_Characteristic
 i.Gatt_Add_Descriptor
                0x10047d64      0x158 ../../../../../../Library/Bluetooth_LE/library\libbluenrg1_stack.a(gatt_server.o)
                0x10047d64                Gatt_Add_Descriptor
 i.Gatt_Add_Service
                0x10047ebc      0x160 ../../../../../../Library/Bluetooth_LE/library\libbluenrg1_stack.a(gatt_server.o)
                0x10047ebc                Gatt_Add_Service
 i.Gatt_Find_Srv_From_Handle
                0x1004801c       0x2c ../../../../../../Library/Bluetooth_LE/library\libbluenrg1_stack.a(gatt_server.o)
                0x1004801c                Gatt_Find_Srv_From_Handle
 i.Gatt_Find_Srv_Owner_Of_Handle
                0x10048048       0x48 ../../../../../../Library/Bluetooth_LE/library\libbluenrg1_stack.a(gatt_server.o)
                0x10048048                Gatt_Find_Srv_Owner_Of_Handle
 i.Gatt_Find_Timed_Out_Connection_Index
                0x10048090       0x38 ../../../../../../Library/Bluetooth_LE/library\libbluenrg1_stack.a(gatt_server.o)
                0x10048090                Gatt_Find_Timed_Out_Connection_Index
 i.Gatt_Flush_Pending_AclPacket_Lists
                0x100480c8       0x34 ../../../../../../Library/Bluetooth_LE/library\libbluenrg1_stack.a(gatt_server.o)
 i.Gatt_Process_Q
                0x100480fc      0x19c ../../../../../../Library/Bluetooth_LE/library\libbluenrg1_stack.a(gatt_server.o)
                0x100480fc                Gatt_Process_Q
 i.Gatt_Reset_To_Closed_State
                0x10048298       0xfc ../../../../../../Library/Bluetooth_LE/library\libbluenrg1_stack.a(gatt_server.o)
 i.Gatt_Server_Db_Check
                0x10048394       0x38 ../../../../../../Library/Bluetooth_LE/library\libbluenrg1_stack.a(gatt_server.o)
                0x10048394                Gatt_Server_Db_Check
 i.Gatt_Server_Init
                0x100483cc      0x194 ../../../../../../Library/Bluetooth_LE/library\libbluenrg1_stack.a(gatt_server.o)
                0x100483cc                Gatt_Server_Init
 i.Gatt_Server_L2C_Handler
                0x10048560      0x21c ../../../../../../Library/Bluetooth_LE/library\libbluenrg1_stack.a(gatt_server.o)
                0x10048560                Gatt_Server_L2C_Handler
 i.Gatt_Server_L2C_Handler_ISR
                0x1004877c       0x4c ../../../../../../Library/Bluetooth_LE/library\libbluenrg1_stack.a(gatt_server.o)
                0x1004877c                Gatt_Server_L2C_Handler_ISR
 i.Gatt_Store_Server_Database_And_Reset_CCCD
                0x100487c8      0x170 ../../../../../../Library/Bluetooth_LE/library\libbluenrg1_stack.a(gatt_server.o)
 i.Gatt_Update_Charac_Value
                0x10048938       0x68 ../../../../../../Library/Bluetooth_LE/library\libbluenrg1_stack.a(gatt_server.o)
                0x10048938                Gatt_Update_Charac_Value
 i.Gatt_Update_Charac_Value_Ext
                0x100489a0      0x390 ../../../../../../Library/Bluetooth_LE/library\libbluenrg1_stack.a(gatt_server.o)
                0x100489a0                Gatt_Update_Charac_Value_Ext
 i.Gatt_fetch_handle
                0x10048d30       0x3c ../../../../../../Library/Bluetooth_LE/library\libbluenrg1_stack.a(gatt_server.o)
                0x10048d30                Gatt_fetch_handle
 i.Gatt_search_handle
                0x10048d6c       0x1e ../../../../../../Library/Bluetooth_LE/library\libbluenrg1_stack.a(gatt_server.o)
                0x10048d6c                Gatt_search_handle
 *fill*         0x10048d8a        0x2 
 i.Gatt_search_service_handle
                0x10048d8c       0x30 ../../../../../../Library/Bluetooth_LE/library\libbluenrg1_stack.a(gatt_server.o)
                0x10048d8c                Gatt_search_service_handle
 i.Ind_Service_Change_Charac
                0x10048dbc       0x48 ../../../../../../Library/Bluetooth_LE/library\libbluenrg1_stack.a(gatt_server.o)
                0x10048dbc                Ind_Service_Change_Charac
 i.Pm_Resize_Host_Acl_Pckt
                0x10048e04        0xe ../../../../../../Library/Bluetooth_LE/library\libbluenrg1_stack.a(gatt_server.o)
 *fill*         0x10048e12        0x2 
 i.Process_Peer_Client_Data
                0x10048e14      0x1f8 ../../../../../../Library/Bluetooth_LE/library\libbluenrg1_stack.a(gatt_server.o)
                0x10048e14                Process_Peer_Client_Data
 i.Process_Peer_Server_Data
                0x1004900c      0x16c ../../../../../../Library/Bluetooth_LE/library\libbluenrg1_stack.a(gatt_server.o)
                0x1004900c                Process_Peer_Server_Data
 i.Select_Next_Notification_Client
                0x10049178       0x50 ../../../../../../Library/Bluetooth_LE/library\libbluenrg1_stack.a(gatt_server.o)
                0x10049178                Select_Next_Notification_Client
 i.Send_Notif_Or_Ind
                0x100491c8       0x4c ../../../../../../Library/Bluetooth_LE/library\libbluenrg1_stack.a(gatt_server.o)
                0x100491c8                Send_Notif_Or_Ind
 i.aci_gatt_indication_event_push
                0x10049214       0x90 ../../../../../../Library/Bluetooth_LE/library\libbluenrg1_stack.a(gatt_server.o)
 i.aci_gatt_notification_event_push
                0x100492a4       0x90 ../../../../../../Library/Bluetooth_LE/library\libbluenrg1_stack.a(gatt_server.o)
 i.aci_hal_fw_error_event_push
                0x10049334       0x5c ../../../../../../Library/Bluetooth_LE/library\libbluenrg1_stack.a(gatt_server.o)
 i.store_data   0x10049390       0x1e ../../../../../../Library/Bluetooth_LE/library\libbluenrg1_stack.a(gatt_server.o)
                0x10049390                store_data
 i.__ARM_common_switch8
                0x100493ae       0x1a ../../../../../../Library/Bluetooth_LE/library\libbluenrg1_stack.a(gatt_server.o)
                0x100493ae                __ARM_common_switch8
 i.HAL_Flash_Store_Data
                0x100493c8       0x54 ../../../../../../Library/Bluetooth_LE/library\libbluenrg1_stack.a(hal.o)
                0x100493c8                HAL_Flash_Store_Data
 i.HAL_Generate_Random_Bytes_To
                0x1004941c       0x20 ../../../../../../Library/Bluetooth_LE/library\libbluenrg1_stack.a(hal.o)
                0x1004941c                HAL_Generate_Random_Bytes_To
 i.HAL_Set_TX_Power_Level
                0x1004943c       0x44 ../../../../../../Library/Bluetooth_LE/library\libbluenrg1_stack.a(hal.o)
                0x1004943c                HAL_Set_TX_Power_Level
 i.HAL_Write_ConfigData
                0x10049480      0x148 ../../../../../../Library/Bluetooth_LE/library\libbluenrg1_stack.a(hal.o)
                0x10049480                HAL_Write_ConfigData
 i.Hal_Get_Random_Number
                0x100495c8       0x3a ../../../../../../Library/Bluetooth_LE/library\libbluenrg1_stack.a(hal.o)
                0x100495c8                Hal_Get_Random_Number
 i.Hal_Get_Random_Number32
                0x10049602       0x12 ../../../../../../Library/Bluetooth_LE/library\libbluenrg1_stack.a(hal.o)
                0x10049602                Hal_Get_Random_Number32
 i.aci_hal_end_of_radio_activity_event
                0x10049614        0x2 ../../../../../../Library/Bluetooth_LE/library\libbluenrg1_stack.a(hal.o)
                0x10049614                aci_hal_end_of_radio_activity_event
 *fill*         0x10049616        0x2 
 i.ble_HAL_Init
                0x10049618       0x1c ../../../../../../Library/Bluetooth_LE/library\libbluenrg1_stack.a(hal.o)
                0x10049618                ble_HAL_Init
 i.char_copy    0x10049634       0x12 ../../../../../../Library/Bluetooth_LE/library\libbluenrg1_stack.a(hal.o)
                0x10049634                char_copy
 *fill*         0x10049646        0x2 
 i.hal_radio_activity_state_callback_check
                0x10049648       0x34 ../../../../../../Library/Bluetooth_LE/library\libbluenrg1_stack.a(hal.o)
                0x10049648                hal_radio_activity_state_callback_check
 i.hal_radio_activity_state_init
                0x1004967c       0x1c ../../../../../../Library/Bluetooth_LE/library\libbluenrg1_stack.a(hal.o)
                0x1004967c                hal_radio_activity_state_init
 i.hal_read_radio_activity_state
                0x10049698       0x40 ../../../../../../Library/Bluetooth_LE/library\libbluenrg1_stack.a(hal.o)
                0x10049698                hal_read_radio_activity_state
 i.set_string   0x100496d8       0x10 ../../../../../../Library/Bluetooth_LE/library\libbluenrg1_stack.a(hal.o)
                0x100496d8                set_string
 i.Controller_Process_Q
                0x100496e8       0x20 ../../../../../../Library/Bluetooth_LE/library\libbluenrg1_stack.a(hci.o)
                0x100496e8                Controller_Process_Q
 i.HCI_Init     0x10049708       0x6c ../../../../../../Library/Bluetooth_LE/library\libbluenrg1_stack.a(hci.o)
                0x10049708                HCI_Init
 i.PKA_Offline_Processing
                0x10049774      0x164 ../../../../../../Library/Bluetooth_LE/library\libbluenrg1_stack.a(hci.o)
                0x10049774                PKA_Offline_Processing
 i.hci_le_encrypt
                0x100498d8        0xa ../../../../../../Library/Bluetooth_LE/library\libbluenrg1_stack.a(hci.o)
                0x100498d8                hci_le_encrypt
 *fill*         0x100498e2        0x2 
 i.hci_le_generate_dhkey_api
                0x100498e4       0x7c ../../../../../../Library/Bluetooth_LE/library\libbluenrg1_stack.a(hci.o)
                0x100498e4                hci_le_generate_dhkey_api
 i.hci_le_long_term_key_request_reply
                0x10049960        0xe ../../../../../../Library/Bluetooth_LE/library\libbluenrg1_stack.a(hci.o)
                0x10049960                hci_le_long_term_key_request_reply
 i.hci_le_long_term_key_requested_negative_reply
                0x1004996e        0xe ../../../../../../Library/Bluetooth_LE/library\libbluenrg1_stack.a(hci.o)
                0x1004996e                hci_le_long_term_key_requested_negative_reply
 i.hci_le_read_local_p256_public_key_api
                0x1004997c       0x3c ../../../../../../Library/Bluetooth_LE/library\libbluenrg1_stack.a(hci.o)
                0x1004997c                hci_le_read_local_p256_public_key_api
 i.hci_le_set_event_mask
                0x100499b8       0x40 ../../../../../../Library/Bluetooth_LE/library\libbluenrg1_stack.a(hci.o)
                0x100499b8                hci_le_set_event_mask
 i.hci_le_set_scan_response_data
                0x100499f8       0x16 ../../../../../../Library/Bluetooth_LE/library\libbluenrg1_stack.a(hci.o)
                0x100499f8                hci_le_set_scan_response_data
 *fill*         0x10049a0e        0x2 
 i.hci_load_connParams
                0x10049a10       0x64 ../../../../../../Library/Bluetooth_LE/library\libbluenrg1_stack.a(hci.o)
                0x10049a10                hci_load_connParams
 i.hci_rx_acl_data
                0x10049a74       0x6c ../../../../../../Library/Bluetooth_LE/library\libbluenrg1_stack.a(hci.o)
                0x10049a74                hci_rx_acl_data
 i.hci_tx_acl_data_done
                0x10049ae0       0x44 ../../../../../../Library/Bluetooth_LE/library\libbluenrg1_stack.a(hci.o)
                0x10049ae0                hci_tx_acl_data_done
 i.HAL_VTimerAcc_sysT32_ms
                0x10049b24       0x24 ../../../../../../Library/Bluetooth_LE/library\libbluenrg1_stack.a(host_timer.o)
                0x10049b24                HAL_VTimerAcc_sysT32_ms
 i.HAL_VTimerGetCurrentTime_sysT32
                0x10049b48       0x12 ../../../../../../Library/Bluetooth_LE/library\libbluenrg1_stack.a(host_timer.o)
                0x10049b48                HAL_VTimerGetCurrentTime_sysT32
 i.HAL_VTimerTimeoutCallback
                0x10049b5a        0x2 ../../../../../../Library/Bluetooth_LE/library\libbluenrg1_stack.a(host_timer.o)
                0x10049b5a                HAL_VTimerTimeoutCallback
 i.Set_Host_Timer_value
                0x10049b5c       0x50 ../../../../../../Library/Bluetooth_LE/library\libbluenrg1_stack.a(host_timer.o)
                0x10049b5c                Set_Host_Timer_value
 i.TimerCallback
                0x10049bac       0x7c ../../../../../../Library/Bluetooth_LE/library\libbluenrg1_stack.a(host_timer.o)
 i.Timer_ExpiryCallback
                0x10049c28       0x14 ../../../../../../Library/Bluetooth_LE/library\libbluenrg1_stack.a(host_timer.o)
                0x10049c28                Timer_ExpiryCallback
 i.Timer_Init   0x10049c3c       0x34 ../../../../../../Library/Bluetooth_LE/library\libbluenrg1_stack.a(host_timer.o)
                0x10049c3c                Timer_Init
 i.Timer_ProcessQ
                0x10049c70      0x11c ../../../../../../Library/Bluetooth_LE/library\libbluenrg1_stack.a(host_timer.o)
                0x10049c70                Timer_ProcessQ
 i.Timer_StartOneShot
                0x10049d8c       0x22 ../../../../../../Library/Bluetooth_LE/library\libbluenrg1_stack.a(host_timer.o)
                0x10049d8c                Timer_StartOneShot
 *fill*         0x10049dae        0x2 
 i.Timer_StartOneShot_sysTime32
                0x10049db0       0x74 ../../../../../../Library/Bluetooth_LE/library\libbluenrg1_stack.a(host_timer.o)
                0x10049db0                Timer_StartOneShot_sysTime32
 i.Timer_StopOneShot
                0x10049e24       0x58 ../../../../../../Library/Bluetooth_LE/library\libbluenrg1_stack.a(host_timer.o)
                0x10049e24                Timer_StopOneShot
 i.Timer_sysTime32_convMachineTime
                0x10049e7c       0x24 ../../../../../../Library/Bluetooth_LE/library\libbluenrg1_stack.a(host_timer.o)
                0x10049e7c                Timer_sysTime32_convMachineTime
 i.L2C_Build_Command_Reject_Pdu
                0x10049ea0       0x7c ../../../../../../Library/Bluetooth_LE/library\libbluenrg1_stack.a(l2cap.o)
                0x10049ea0                L2C_Build_Command_Reject_Pdu
 i.L2C_Connection_Complete_Handler
                0x10049f1c       0x4a ../../../../../../Library/Bluetooth_LE/library\libbluenrg1_stack.a(l2cap.o)
                0x10049f1c                L2C_Connection_Complete_Handler
 i.L2C_Connection_Complete_Signal_Handler
                0x10049f66       0x2a ../../../../../../Library/Bluetooth_LE/library\libbluenrg1_stack.a(l2cap.o)
                0x10049f66                L2C_Connection_Complete_Signal_Handler
 i.L2C_Get_Connection_Info
                0x10049f90       0x34 ../../../../../../Library/Bluetooth_LE/library\libbluenrg1_stack.a(l2cap.o)
 i.L2C_Get_Connection_Info_Index
                0x10049fc4       0x30 ../../../../../../Library/Bluetooth_LE/library\libbluenrg1_stack.a(l2cap.o)
 i.L2C_Get_PDU_Len
                0x10049ff4        0xe ../../../../../../Library/Bluetooth_LE/library\libbluenrg1_stack.a(l2cap.o)
                0x10049ff4                L2C_Get_PDU_Len
 *fill*         0x1004a002        0x2 
 i.L2C_Init     0x1004a004       0x58 ../../../../../../Library/Bluetooth_LE/library\libbluenrg1_stack.a(l2cap.o)
                0x1004a004                L2C_Init
 i.L2C_Mux_Acl_Packet
                0x1004a05c       0x58 ../../../../../../Library/Bluetooth_LE/library\libbluenrg1_stack.a(l2cap.o)
 i.L2C_Rcv_Data
                0x1004a0b4       0xcc ../../../../../../Library/Bluetooth_LE/library\libbluenrg1_stack.a(l2cap.o)
 i.L2C_Rcv_Event_Handler
                0x1004a180       0x1e ../../../../../../Library/Bluetooth_LE/library\libbluenrg1_stack.a(l2cap.o)
                0x1004a180                L2C_Rcv_Event_Handler
 i.L2C_Rcv_Event_Handler_ISR
                0x1004a19e       0x54 ../../../../../../Library/Bluetooth_LE/library\libbluenrg1_stack.a(l2cap.o)
                0x1004a19e                L2C_Rcv_Event_Handler_ISR
 *fill*         0x1004a1f2        0x2 
 i.L2C_Reset_To_Closed_State
                0x1004a1f4       0x7c ../../../../../../Library/Bluetooth_LE/library\libbluenrg1_stack.a(l2cap.o)
 i.L2C_Send_Data
                0x1004a270       0x4c ../../../../../../Library/Bluetooth_LE/library\libbluenrg1_stack.a(l2cap.o)
                0x1004a270                L2C_Send_Data
 i.L2C_SigChan_Req_TimeOut_Handler
                0x1004a2bc       0x60 ../../../../../../Library/Bluetooth_LE/library\libbluenrg1_stack.a(l2cap.o)
                0x1004a2bc                L2C_SigChan_Req_TimeOut_Handler
 i.L2C_Signal_Channel_Handler
                0x1004a31c      0x1b0 ../../../../../../Library/Bluetooth_LE/library\libbluenrg1_stack.a(l2cap.o)
                0x1004a31c                L2C_Signal_Channel_Handler
 i.L2C_Signal_Channel_Handler_ISR
                0x1004a4cc       0x24 ../../../../../../Library/Bluetooth_LE/library\libbluenrg1_stack.a(l2cap.o)
                0x1004a4cc                L2C_Signal_Channel_Handler_ISR
 i.L2C_discard_accumulated_acl_data
                0x1004a4f0       0x5c ../../../../../../Library/Bluetooth_LE/library\libbluenrg1_stack.a(l2cap.o)
 i.aci_l2cap_connection_update_req_event_push
                0x1004a54c       0x98 ../../../../../../Library/Bluetooth_LE/library\libbluenrg1_stack.a(l2cap.o)
 i.Data_Length_Update_Control_ISR
                0x1004a5e4      0x12c ../../../../../../Library/Bluetooth_LE/library\libbluenrg1_stack.a(ll_isr.o)
                0x1004a5e4                Data_Length_Update_Control_ISR
 i.RAL_Isr      0x1004a710      0x21c ../../../../../../Library/Bluetooth_LE/library\libbluenrg1_stack.a(ll_isr.o)
                0x1004a710                RAL_Isr
 i.copy_4_u32   0x1004a92c       0x12 ../../../../../../Library/Bluetooth_LE/library\libbluenrg1_stack.a(ll_isr.o)
                0x1004a92c                copy_4_u32
 *fill*         0x1004a93e        0x2 
 i.copy_tx_data_packet
                0x1004a940       0x84 ../../../../../../Library/Bluetooth_LE/library\libbluenrg1_stack.a(ll_isr.o)
                0x1004a940                copy_tx_data_packet
 i.encrypt      0x1004a9c4       0x74 ../../../../../../Library/Bluetooth_LE/library\libbluenrg1_stack.a(ll_isr.o)
                0x1004a9c4                encrypt
 i.full_state_func_call_init
                0x1004aa38       0x18 ../../../../../../Library/Bluetooth_LE/library\libbluenrg1_stack.a(ll_isr.o)
                0x1004aa38                full_state_func_call_init
 i.isr_advertise_state
                0x1004aa50      0x3d0 ../../../../../../Library/Bluetooth_LE/library\libbluenrg1_stack.a(ll_isr.o)
 i.isr_connect_master_state
                0x1004ae20      0x6dc ../../../../../../Library/Bluetooth_LE/library\libbluenrg1_stack.a(ll_isr.o)
 i.isr_connect_slave_state
                0x1004b4fc      0x7e8 ../../../../../../Library/Bluetooth_LE/library\libbluenrg1_stack.a(ll_isr.o)
 i.isr_scan_state
                0x1004bce4      0x734 ../../../../../../Library/Bluetooth_LE/library\libbluenrg1_stack.a(ll_isr.o)
 i.isr_test_rx_state
                0x1004c418       0x38 ../../../../../../Library/Bluetooth_LE/library\libbluenrg1_stack.a(ll_isr.o)
 i.isr_test_tx_state
                0x1004c450       0x68 ../../../../../../Library/Bluetooth_LE/library\libbluenrg1_stack.a(ll_isr.o)
 i.isr_unknown_state
                0x1004c4b8       0x2c ../../../../../../Library/Bluetooth_LE/library\libbluenrg1_stack.a(ll_isr.o)
 i.__ARM_common_memcpy1_6
                0x1004c4e4       0x1a ../../../../../../Library/Bluetooth_LE/library\libbluenrg1_stack.a(ll_isr.o)
                0x1004c4e4                __ARM_common_memcpy1_6
 *fill*         0x1004c4fe        0x2 
 i.LL_LE_Clear_White_List
                0x1004c500       0x28 ../../../../../../Library/Bluetooth_LE/library\libbluenrg1_stack.a(ll_privacy.o)
                0x1004c500                LL_LE_Clear_White_List
 i.LL_LE_Set_Address_Resolution_Enable
                0x1004c528       0x20 ../../../../../../Library/Bluetooth_LE/library\libbluenrg1_stack.a(ll_privacy.o)
                0x1004c528                LL_LE_Set_Address_Resolution_Enable
 i.LL_LE_Set_Resolvable_Private_Address_Timeout
                0x1004c548       0x24 ../../../../../../Library/Bluetooth_LE/library\libbluenrg1_stack.a(ll_privacy.o)
                0x1004c548                LL_LE_Set_Resolvable_Private_Address_Timeout
 i.LL_priv_add_to_ConnIDList
                0x1004c56c       0x20 ../../../../../../Library/Bluetooth_LE/library\libbluenrg1_stack.a(ll_privacy.o)
                0x1004c56c                LL_priv_add_to_ConnIDList
 i.LL_priv_remove_from_ConnIDList
                0x1004c58c       0x18 ../../../../../../Library/Bluetooth_LE/library\libbluenrg1_stack.a(ll_privacy.o)
                0x1004c58c                LL_priv_remove_from_ConnIDList
 i.LL_priv_test_address_in_ConnIDList
                0x1004c5a4       0x16 ../../../../../../Library/Bluetooth_LE/library\libbluenrg1_stack.a(ll_privacy.o)
                0x1004c5a4                LL_priv_test_address_in_ConnIDList
 *fill*         0x1004c5ba        0x2 
 i.PRIVWHIT_u8AddAddrInList
                0x1004c5bc      0x21c ../../../../../../Library/Bluetooth_LE/library\libbluenrg1_stack.a(ll_privacy.o)
                0x1004c5bc                PRIVWHIT_u8AddAddrInList
 i.PRIVWHIT_u8RemoveAddrInList
                0x1004c7d8      0x158 ../../../../../../Library/Bluetooth_LE/library\libbluenrg1_stack.a(ll_privacy.o)
                0x1004c7d8                PRIVWHIT_u8RemoveAddrInList
 i.PRIVWHIT_u8SearchAddrInList
                0x1004c930       0xa0 ../../../../../../Library/Bluetooth_LE/library\libbluenrg1_stack.a(ll_privacy.o)
                0x1004c930                PRIVWHIT_u8SearchAddrInList
 i.PRIVWHIT_vInit_Struct
                0x1004c9d0       0xd4 ../../../../../../Library/Bluetooth_LE/library\libbluenrg1_stack.a(ll_privacy.o)
                0x1004c9d0                PRIVWHIT_vInit_Struct
 i.PRIV_SearchAddrInEachList
                0x1004caa4       0xa0 ../../../../../../Library/Bluetooth_LE/library\libbluenrg1_stack.a(ll_privacy.o)
 i.PRIV_SearchAddrInWhiteList
                0x1004cb44       0x18 ../../../../../../Library/Bluetooth_LE/library\libbluenrg1_stack.a(ll_privacy.o)
                0x1004cb44                PRIV_SearchAddrInWhiteList
 i.PRIV_u32ProcessAdvPacket
                0x1004cb5c      0x614 ../../../../../../Library/Bluetooth_LE/library\libbluenrg1_stack.a(ll_privacy.o)
                0x1004cb5c                PRIV_u32ProcessAdvPacket
 i.PRIV_u8OfflineProcessing
                0x1004d170      0x118 ../../../../../../Library/Bluetooth_LE/library\libbluenrg1_stack.a(ll_privacy.o)
                0x1004d170                PRIV_u8OfflineProcessing
 i.PRIV_u8ResolvePrivateAddress
                0x1004d288      0x130 ../../../../../../Library/Bluetooth_LE/library\libbluenrg1_stack.a(ll_privacy.o)
                0x1004d288                PRIV_u8ResolvePrivateAddress
 i.PRIV_u8ResolvePrivateAddressUnit
                0x1004d3b8       0x34 ../../../../../../Library/Bluetooth_LE/library\libbluenrg1_stack.a(ll_privacy.o)
                0x1004d3b8                PRIV_u8ResolvePrivateAddressUnit
 i.PRIV_vGeneratePrivateAddress
                0x1004d3ec       0x62 ../../../../../../Library/Bluetooth_LE/library\libbluenrg1_stack.a(ll_privacy.o)
                0x1004d3ec                PRIV_vGeneratePrivateAddress
 *fill*         0x1004d44e        0x2 
 i.PRIV_vGenerate_hci_le_direct_advertising_report_event
                0x1004d450      0x180 ../../../../../../Library/Bluetooth_LE/library\libbluenrg1_stack.a(ll_privacy.o)
                0x1004d450                PRIV_vGenerate_hci_le_direct_advertising_report_event
 i.PRIV_vGenerate_hci_le_enhanced_connection_complete_event
                0x1004d5d0      0x208 ../../../../../../Library/Bluetooth_LE/library\libbluenrg1_stack.a(ll_privacy.o)
                0x1004d5d0                PRIV_vGenerate_hci_le_enhanced_connection_complete_event
 i.hci_le_direct_advertising_report_event_push
                0x1004d7d8       0x8c ../../../../../../Library/Bluetooth_LE/library\libbluenrg1_stack.a(ll_privacy.o)
 i.scan_connection_or_advertiser
                0x1004d864       0x1a ../../../../../../Library/Bluetooth_LE/library\libbluenrg1_stack.a(ll_privacy.o)
 *fill*         0x1004d87e        0x2 
 i.Data_Len_Update_Offline_Processing
                0x1004d880       0x58 ../../../../../../Library/Bluetooth_LE/library\libbluenrg1_stack.a(ll_routines.o)
                0x1004d880                Data_Len_Update_Offline_Processing
 i.Disconnection_Offline_Processing
                0x1004d8d8       0x48 ../../../../../../Library/Bluetooth_LE/library\libbluenrg1_stack.a(ll_routines.o)
                0x1004d8d8                Disconnection_Offline_Processing
 i.LL_Data_Length_Change_Event
                0x1004d920       0x52 ../../../../../../Library/Bluetooth_LE/library\libbluenrg1_stack.a(ll_routines.o)
                0x1004d920                LL_Data_Length_Change_Event
 i.LL_Data_Length_Update
                0x1004d972       0x60 ../../../../../../Library/Bluetooth_LE/library\libbluenrg1_stack.a(ll_routines.o)
                0x1004d972                LL_Data_Length_Update
 *fill*         0x1004d9d2        0x2 
 i.LL_Disconnect_Link
                0x1004d9d4       0x3c ../../../../../../Library/Bluetooth_LE/library\libbluenrg1_stack.a(ll_routines.o)
                0x1004d9d4                LL_Disconnect_Link
 i.LL_Send_Disconnection_Req
                0x1004da10       0xa4 ../../../../../../Library/Bluetooth_LE/library\libbluenrg1_stack.a(ll_routines.o)
                0x1004da10                LL_Send_Disconnection_Req
 i.LL_Send_Length_Req
                0x1004dab4       0xd0 ../../../../../../Library/Bluetooth_LE/library\libbluenrg1_stack.a(ll_routines.o)
 i.LL_Send_Length_Resp
                0x1004db84       0xb4 ../../../../../../Library/Bluetooth_LE/library\libbluenrg1_stack.a(ll_routines.o)
                0x1004db84                LL_Send_Length_Resp
 i.LL_Set_Data_Length
                0x1004dc38       0xc0 ../../../../../../Library/Bluetooth_LE/library\libbluenrg1_stack.a(ll_routines.o)
                0x1004dc38                LL_Set_Data_Length
 i.MIN_U16      0x1004dcf8        0x8 ../../../../../../Library/Bluetooth_LE/library\libbluenrg1_stack.a(ll_routines.o)
 i.ll_write_supported_data
                0x1004dd00       0x78 ../../../../../../Library/Bluetooth_LE/library\libbluenrg1_stack.a(ll_routines.o)
                0x1004dd00                ll_write_supported_data
 i.read_rssi    0x1004dd78       0x7c ../../../../../../Library/Bluetooth_LE/library\libbluenrg1_stack.a(ll_routines.o)
                0x1004dd78                read_rssi
 i.LL_Create_Connection
                0x1004ddf4      0x29c ../../../../../../Library/Bluetooth_LE/library\libbluenrg1_stack.a(ll_routines_master.o)
                0x1004ddf4                LL_Create_Connection
 i.LL_Create_Connection_Cancel
                0x1004e090       0x38 ../../../../../../Library/Bluetooth_LE/library\libbluenrg1_stack.a(ll_routines_master.o)
                0x1004e090                LL_Create_Connection_Cancel
 i.LL_Enable_Disable_Scan
                0x1004e0c8      0x26c ../../../../../../Library/Bluetooth_LE/library\libbluenrg1_stack.a(ll_routines_master.o)
                0x1004e0c8                LL_Enable_Disable_Scan
 i.check_access_address_patched
                0x1004e334       0xcc ../../../../../../Library/Bluetooth_LE/library\libbluenrg1_stack.a(ll_routines_master.o)
 i.hci_encryption_change_event_push
                0x1004e400       0x5c ../../../../../../Library/Bluetooth_LE/library\libbluenrg1_stack.a(ll_routines_master.o)
 i.hci_encryption_key_refresh_complete_event_push
                0x1004e45c       0x58 ../../../../../../Library/Bluetooth_LE/library\libbluenrg1_stack.a(ll_routines_master.o)
 i.hci_le_advertising_report_event_push
                0x1004e4b4       0x94 ../../../../../../Library/Bluetooth_LE/library\libbluenrg1_stack.a(ll_routines_master.o)
 i.hci_le_connection_complete_event_push
                0x1004e548       0x88 ../../../../../../Library/Bluetooth_LE/library\libbluenrg1_stack.a(ll_routines_master.o)
 i.hci_le_connection_update_complete_event_push
                0x1004e5d0       0x6c ../../../../../../Library/Bluetooth_LE/library\libbluenrg1_stack.a(ll_routines_master.o)
 i.int32ToLe3Byte
                0x1004e63c        0xc ../../../../../../Library/Bluetooth_LE/library\libbluenrg1_stack.a(ll_routines_master.o)
 i.int32ToLe4Byte